Component: Arm Compiler for Embedded 6.19 Tool: armlink [5e73cb00]

==============================================================================

Section Cross References

    misc.o(.ARM.exidx.text.NVIC_PriorityGroupConfig) refers to misc.o(.text.NVIC_PriorityGroupConfig) for [Anonymous Symbol]
    misc.o(.ARM.exidx.text.NVIC_Init) refers to misc.o(.text.NVIC_Init) for [Anonymous Symbol]
    misc.o(.ARM.exidx.text.NVIC_SetVectorTable) refers to misc.o(.text.NVIC_SetVectorTable) for [Anonymous Symbol]
    misc.o(.ARM.exidx.text.NVIC_SystemLPConfig) refers to misc.o(.text.NVIC_SystemLPConfig) for [Anonymous Symbol]
    misc.o(.ARM.exidx.text.SysTick_CLKSourceConfig) refers to misc.o(.text.SysTick_CLKSourceConfig) for [Anonymous Symbol]
    stm32f10x_adc.o(.text.ADC_DeInit) refers to stm32f10x_rcc.o(.text.RCC_APB2PeriphResetCmd) for RCC_APB2PeriphResetCmd
    stm32f10x_adc.o(.ARM.exidx.text.ADC_DeInit) refers to stm32f10x_adc.o(.text.ADC_DeInit) for [Anonymous Symbol]
    stm32f10x_adc.o(.ARM.exidx.text.ADC_Init) refers to stm32f10x_adc.o(.text.ADC_Init) for [Anonymous Symbol]
    stm32f10x_adc.o(.ARM.exidx.text.ADC_StructInit) refers to stm32f10x_adc.o(.text.ADC_StructInit) for [Anonymous Symbol]
    stm32f10x_adc.o(.ARM.exidx.text.ADC_Cmd) refers to stm32f10x_adc.o(.text.ADC_Cmd) for [Anonymous Symbol]
    stm32f10x_adc.o(.ARM.exidx.text.ADC_DMACmd) refers to stm32f10x_adc.o(.text.ADC_DMACmd) for [Anonymous Symbol]
    stm32f10x_adc.o(.ARM.exidx.text.ADC_ITConfig) refers to stm32f10x_adc.o(.text.ADC_ITConfig) for [Anonymous Symbol]
    stm32f10x_adc.o(.ARM.exidx.text.ADC_ResetCalibration) refers to stm32f10x_adc.o(.text.ADC_ResetCalibration) for [Anonymous Symbol]
    stm32f10x_adc.o(.ARM.exidx.text.ADC_GetResetCalibrationStatus) refers to stm32f10x_adc.o(.text.ADC_GetResetCalibrationStatus) for [Anonymous Symbol]
    stm32f10x_adc.o(.ARM.exidx.text.ADC_StartCalibration) refers to stm32f10x_adc.o(.text.ADC_StartCalibration) for [Anonymous Symbol]
    stm32f10x_adc.o(.ARM.exidx.text.ADC_GetCalibrationStatus) refers to stm32f10x_adc.o(.text.ADC_GetCalibrationStatus) for [Anonymous Symbol]
    stm32f10x_adc.o(.ARM.exidx.text.ADC_SoftwareStartConvCmd) refers to stm32f10x_adc.o(.text.ADC_SoftwareStartConvCmd) for [Anonymous Symbol]
    stm32f10x_adc.o(.ARM.exidx.text.ADC_GetSoftwareStartConvStatus) refers to stm32f10x_adc.o(.text.ADC_GetSoftwareStartConvStatus) for [Anonymous Symbol]
    stm32f10x_adc.o(.ARM.exidx.text.ADC_DiscModeChannelCountConfig) refers to stm32f10x_adc.o(.text.ADC_DiscModeChannelCountConfig) for [Anonymous Symbol]
    stm32f10x_adc.o(.ARM.exidx.text.ADC_DiscModeCmd) refers to stm32f10x_adc.o(.text.ADC_DiscModeCmd) for [Anonymous Symbol]
    stm32f10x_adc.o(.ARM.exidx.text.ADC_RegularChannelConfig) refers to stm32f10x_adc.o(.text.ADC_RegularChannelConfig) for [Anonymous Symbol]
    stm32f10x_adc.o(.ARM.exidx.text.ADC_ExternalTrigConvCmd) refers to stm32f10x_adc.o(.text.ADC_ExternalTrigConvCmd) for [Anonymous Symbol]
    stm32f10x_adc.o(.ARM.exidx.text.ADC_GetConversionValue) refers to stm32f10x_adc.o(.text.ADC_GetConversionValue) for [Anonymous Symbol]
    stm32f10x_adc.o(.ARM.exidx.text.ADC_GetDualModeConversionValue) refers to stm32f10x_adc.o(.text.ADC_GetDualModeConversionValue) for [Anonymous Symbol]
    stm32f10x_adc.o(.ARM.exidx.text.ADC_AutoInjectedConvCmd) refers to stm32f10x_adc.o(.text.ADC_AutoInjectedConvCmd) for [Anonymous Symbol]
    stm32f10x_adc.o(.ARM.exidx.text.ADC_InjectedDiscModeCmd) refers to stm32f10x_adc.o(.text.ADC_InjectedDiscModeCmd) for [Anonymous Symbol]
    stm32f10x_adc.o(.ARM.exidx.text.ADC_ExternalTrigInjectedConvConfig) refers to stm32f10x_adc.o(.text.ADC_ExternalTrigInjectedConvConfig) for [Anonymous Symbol]
    stm32f10x_adc.o(.ARM.exidx.text.ADC_ExternalTrigInjectedConvCmd) refers to stm32f10x_adc.o(.text.ADC_ExternalTrigInjectedConvCmd) for [Anonymous Symbol]
    stm32f10x_adc.o(.ARM.exidx.text.ADC_SoftwareStartInjectedConvCmd) refers to stm32f10x_adc.o(.text.ADC_SoftwareStartInjectedConvCmd) for [Anonymous Symbol]
    stm32f10x_adc.o(.ARM.exidx.text.ADC_GetSoftwareStartInjectedConvCmdStatus) refers to stm32f10x_adc.o(.text.ADC_GetSoftwareStartInjectedConvCmdStatus) for [Anonymous Symbol]
    stm32f10x_adc.o(.ARM.exidx.text.ADC_InjectedChannelConfig) refers to stm32f10x_adc.o(.text.ADC_InjectedChannelConfig) for [Anonymous Symbol]
    stm32f10x_adc.o(.ARM.exidx.text.ADC_InjectedSequencerLengthConfig) refers to stm32f10x_adc.o(.text.ADC_InjectedSequencerLengthConfig) for [Anonymous Symbol]
    stm32f10x_adc.o(.ARM.exidx.text.ADC_SetInjectedOffset) refers to stm32f10x_adc.o(.text.ADC_SetInjectedOffset) for [Anonymous Symbol]
    stm32f10x_adc.o(.ARM.exidx.text.ADC_GetInjectedConversionValue) refers to stm32f10x_adc.o(.text.ADC_GetInjectedConversionValue) for [Anonymous Symbol]
    stm32f10x_adc.o(.ARM.exidx.text.ADC_AnalogWatchdogCmd) refers to stm32f10x_adc.o(.text.ADC_AnalogWatchdogCmd) for [Anonymous Symbol]
[...]
    ../clib/microlib/init/entry.s            0x00000000   Number         0  entry7a.o ABSOLUTE
    ../clib/microlib/init/entry.s            0x00000000   Number         0  entry7b.o ABSOLUTE
    ../clib/microlib/init/entry.s            0x00000000   Number         0  entry8a.o ABSOLUTE
    ../clib/microlib/init/entry.s            0x00000000   Number         0  entry8b.o ABSOLUTE
    ../clib/microlib/init/entry.s            0x00000000   Number         0  entry9a.o ABSOLUTE
    ../clib/microlib/init/entry.s            0x00000000   Number         0  entry9b.o ABSOLUTE
    ../clib/microlib/init/entry.s            0x00000000   Number         0  entry10a.o ABSOLUTE
    ../clib/microlib/init/entry.s            0x00000000   Number         0  entry10b.o ABSOLUTE
    ../clib/microlib/init/entry.s            0x00000000   Number         0  entry11a.o ABSOLUTE
    ../clib/microlib/init/entry.s            0x00000000   Number         0  entry11b.o ABSOLUTE
    ../clib/microlib/longlong.c              0x00000000   Number         0  llshl.o ABSOLUTE
    ../clib/microlib/longlong.c              0x00000000   Number         0  llushr.o ABSOLUTE
    ../clib/microlib/longlong.c              0x00000000   Number         0  llsshr.o ABSOLUTE
    ../clib/microlib/printf/printf.c         0x00000000   Number         0  printfa.o ABSOLUTE
    ../clib/microlib/stdio/streams.c         0x00000000   Number         0  stdout.o ABSOLUTE
    ../clib/microlib/string/strlen.c         0x00000000   Number         0  strlen.o ABSOLUTE
    ../clib/microlib/stubs.s                 0x00000000   Number         0  iusefp.o ABSOLUTE
    ../fplib/microlib/d2f.c                  0x00000000   Number         0  d2f.o ABSOLUTE
    ../fplib/microlib/f2d.c                  0x00000000   Number         0  f2d.o ABSOLUTE
    ../fplib/microlib/fpadd.c                0x00000000   Number         0  fadd.o ABSOLUTE
    ../fplib/microlib/fpadd.c                0x00000000   Number         0  dadd.o ABSOLUTE
    ../fplib/microlib/fpcmp.c                0x00000000   Number         0  fcmple.o ABSOLUTE
    ../fplib/microlib/fpcmp.c                0x00000000   Number         0  fcmpge.o ABSOLUTE
    ../fplib/microlib/fpdiv.c                0x00000000   Number         0  fdiv.o ABSOLUTE
    ../fplib/microlib/fpdiv.c                0x00000000   Number         0  ddiv.o ABSOLUTE
    ../fplib/microlib/fpepilogue.c           0x00000000   Number         0  fepilogue.o ABSOLUTE
    ../fplib/microlib/fpepilogue.c           0x00000000   Number         0  depilogue.o ABSOLUTE
    ../fplib/microlib/fpfix.c                0x00000000   Number         0  ffixi.o ABSOLUTE
    ../fplib/microlib/fpfix.c                0x00000000   Number         0  dfixul.o ABSOLUTE
    ../fplib/microlib/fpflt.c                0x00000000   Number         0  fflti.o ABSOLUTE
    ../fplib/microlib/fpflt.c                0x00000000   Number         0  ffltui.o ABSOLUTE
    ../fplib/microlib/fpmul.c                0x00000000   Number         0  fmul.o ABSOLUTE
    ../fplib/microlib/fpmul.c                0x00000000   Number         0  dmul.o ABSOLUTE
    Libraries/CMSIS/CM3/DeviceSupport/ST/STM32F10x/startup/arm/startup_stm32f10x_md.s 0x00000000   Number         0  startup_stm32f10x_md.o ABSOLUTE
    adc.c                                    0x00000000   Number         0  adc.o ABSOLUTE
    beep.c                                   0x00000000   Number         0  beep.o ABSOLUTE
    bottom.c                                 0x00000000   Number         0  bottom.o ABSOLUTE
    cdrcmple.s                               0x00000000   Number         0  cdrcmple.o ABSOLUTE
    comm.c                                   0x00000000   Number         0  comm.o ABSOLUTE
    config.c                                 0x00000000   Number         0  config.o ABSOLUTE
    dc.s                                     0x00000000   Number         0  dc.o ABSOLUTE
    delay.c                                  0x00000000   Number         0  delay.o ABSOLUTE
    dht11.c                                  0x00000000   Number         0  dht11.o ABSOLUTE
    fonts.c                                  0x00000000   Number         0  fonts.o ABSOLUTE
    gpio.c                                   0x00000000   Number         0  gpio.o ABSOLUTE
    handlers.s                               0x00000000   Number         0  handlers.o ABSOLUTE
    iic.c                                    0x00000000   Number         0  iic.o ABSOLUTE
    includes.c                               0x00000000   Number         0  includes.o ABSOLUTE
    init.s                                   0x00000000   Number         0  init.o ABSOLUTE
    led.c                                    0x00000000   Number         0  led.o ABSOLUTE
    main.c                                   0x00000000   Number         0  main.o ABSOLUTE
    misc.c                                   0x00000000   Number         0  misc.o ABSOLUTE
    rtc.c                                    0x00000000   Number         0  rtc.o ABSOLUTE
    ssd1306.c                                0x00000000   Number         0  ssd1306.o ABSOLUTE
    stm32f10x_adc.c                          0x00000000   Number         0  stm32f10x_adc.o ABSOLUTE
    stm32f10x_bkp.c                          0x00000000   Number         0  stm32f10x_bkp.o ABSOLUTE
    stm32f10x_can.c                          0x00000000   Number         0  stm32f10x_can.o ABSOLUTE
    stm32f10x_cec.c                          0x00000000   Number         0  stm32f10x_cec.o ABSOLUTE
    stm32f10x_crc.c                          0x00000000   Number         0  stm32f10x_crc.o ABSOLUTE
    stm32f10x_dac.c                          0x00000000   Number         0  stm32f10x_dac.o ABSOLUTE
    stm32f10x_dbgmcu.c                       0x00000000   Number         0  stm32f10x_dbgmcu.o ABSOLUTE
    stm32f10x_dma.c                          0x00000000   Number         0  stm32f10x_dma.o ABSOLUTE
    stm32f10x_exti.c                         0x00000000   Number         0  stm32f10x_exti.o ABSOLUTE
    stm32f10x_flash.c                        0x00000000   Number         0  stm32f10x_flash.o ABSOLUTE
    stm32f10x_fsmc.c                         0x00000000   Number         0  stm32f10x_fsmc.o ABSOLUTE
    stm32f10x_gpio.c                         0x00000000   Number         0  stm32f10x_gpio.o ABSOLUTE
    stm32f10x_i2c.c                          0x00000000   Number         0  stm32f10x_i2c.o ABSOLUTE
    stm32f10x_it.c                           0x00000000   Number         0  stm32f10x_it.o ABSOLUTE
    stm32f10x_iwdg.c                         0x00000000   Number         0  stm32f10x_iwdg.o ABSOLUTE
    stm32f10x_pwr.c                          0x00000000   Number         0  stm32f10x_pwr.o ABSOLUTE
    stm32f10x_rcc.c                          0x00000000   Number         0  stm32f10x_rcc.o ABSOLUTE
    stm32f10x_rtc.c                          0x00000000   Number         0  stm32f10x_rtc.o ABSOLUTE
    stm32f10x_sdio.c                         0x00000000   Number         0  stm32f10x_sdio.o ABSOLUTE
    stm32f10x_spi.c                          0x00000000   Number         0  stm32f10x_spi.o ABSOLUTE
    stm32f10x_tim.c                          0x00000000   Number         0  stm32f10x_tim.o ABSOLUTE
    stm32f10x_usart.c                        0x00000000   Number         0  stm32f10x_usart.o ABSOLUTE
    stm32f10x_wwdg.c                         0x00000000   Number         0  stm32f10x_wwdg.o ABSOLUTE
    system_stm32f10x.c                       0x00000000   Number         0  system_stm32f10x.o ABSOLUTE
    tick.c                                   0x00000000   Number         0  tick.o ABSOLUTE
    timer.c                                  0x00000000   Number         0  timer.o ABSOLUTE
    ui.c                                     0x00000000   Number         0  ui.o ABSOLUTE
    usart.c                                  0x00000000   Number         0  usart.o ABSOLUTE
    RESET                                    0x08000000   Section      236  startup_stm32f10x_md.o(RESET)
    .ARM.Collect$$$$00000000                 0x080000ec   Section        0  entry.o(.ARM.Collect$$$$00000000)
    .ARM.Collect$$$$00000001                 0x080000ec   Section        4  entry2.o(.ARM.Collect$$$$00000001)
    .ARM.Collect$$$$00000004                 0x080000f0   Section        4  entry5.o(.ARM.Collect$$$$00000004)
    .ARM.Collect$$$$00000008                 0x080000f4   Section        0  entry7b.o(.ARM.Collect$$$$00000008)
    .ARM.Collect$$$$0000000A                 0x080000f4   Section        0  entry8b.o(.ARM.Collect$$$$0000000A)
    .ARM.Collect$$$$0000000B                 0x080000f4   Section        8  entry9a.o(.ARM.Collect$$$$0000000B)
    __lit__00000000                          0x080000fc   Data           4  entry2.o(.ARM.Collect$$$$00002712)
    .ARM.Collect$$$$0000000D                 0x080000fc   Section        0  entry10a.o(.ARM.Collect$$$$0000000D)
    .ARM.Collect$$$$0000000F                 0x080000fc   Section        0  entry11a.o(.ARM.Collect$$$$0000000F)
    .ARM.Collect$$$$00002712                 0x080000fc   Section        4  entry2.o(.ARM.Collect$$$$00002712)
    .text                                    0x08000100   Section       36  startup_stm32f10x_md.o(.text)
    .text                                    0x08000124   Section        0  strlen.o(.text)
    .text                                    0x08000132   Section        0  fadd.o(.text)
    .text                                    0x080001e2   Section        0  fmul.o(.text)
    .text                                    0x08000246   Section        0  fdiv.o(.text)
    .text                                    0x080002c2   Section        0  dmul.o(.text)
    .text                                    0x080003a6   Section        0  fcmple.o(.text)
    .text                                    0x080003c2   Section        0  fcmpge.o(.text)
    .text                                    0x080003de   Section        0  fflti.o(.text)
    .text                                    0x080003f0   Section        0  ffltui.o(.text)
    .text                                    0x080003fa   Section        0  ffixi.o(.text)
    .text                                    0x0800042c   Section        0  f2d.o(.text)
    .text                                    0x08000452   Section        0  d2f.o(.text)
    .text                                    0x0800048a   Section        0  uidiv.o(.text)
    .text                                    0x080004b6   Section        0  uldiv.o(.text)
    .text                                    0x08000518   Section        0  iusefp.o(.text)
    .text                                    0x08000518   Section        0  fepilogue.o(.text)
    .text                                    0x08000586   Section        0  depilogue.o(.text)
    .text                                    0x08000640   Section        0  dadd.o(.text)
    .text                                    0x0800078e   Section        0  ddiv.o(.text)
    .text                                    0x0800086c   Section        0  dfixul.o(.text)
    .text                                    0x0800089c   Section       48  cdrcmple.o(.text)
    .text                                    0x080008cc   Section       36  init.o(.text)
    .text                                    0x080008f0   Section        0  llshl.o(.text)
    .text                                    0x0800090e   Section        0  llushr.o(.text)
    .text                                    0x0800092e   Section        0  llsshr.o(.text)
    [Anonymous Symbol]                       0x08000954   Section        0  stm32f10x_adc.o(.text.ADC_Cmd)
    [Anonymous Symbol]                       0x08000980   Section        0  adc.o(.text.ADC_Config)
    [Anonymous Symbol]                       0x08000a78   Section        0  stm32f10x_adc.o(.text.ADC_DeInit)
    [Anonymous Symbol]                       0x08000af8   Section        0  adc.o(.text.ADC_Get)
    [Anonymous Symbol]                       0x08000b48   Section        0  stm32f10x_adc.o(.text.ADC_GetCalibrationStatus)
    [Anonymous Symbol]                       0x08000b78   Section        0  stm32f10x_adc.o(.text.ADC_GetConversionValue)
    [Anonymous Symbol]                       0x08000b88   Section        0  stm32f10x_adc.o(.text.ADC_GetFlagStatus)
    [Anonymous Symbol]                       0x08000bbc   Section        0  stm32f10x_adc.o(.text.ADC_GetResetCalibrationStatus)
    [Anonymous Symbol]                       0x08000bec   Section        0  adc.o(.text.ADC_Get_Aver)
    [Anonymous Symbol]                       0x08000c44   Section        0  stm32f10x_adc.o(.text.ADC_Init)
    [Anonymous Symbol]                       0x08000ce0   Section        0  stm32f10x_adc.o(.text.ADC_RegularChannelConfig)
    [Anonymous Symbol]                       0x08000e5c   Section        0  stm32f10x_adc.o(.text.ADC_ResetCalibration)
    [Anonymous Symbol]                       0x08000e70   Section        0  stm32f10x_adc.o(.text.ADC_SoftwareStartConvCmd)
    [Anonymous Symbol]                       0x08000e9c   Section        0  stm32f10x_adc.o(.text.ADC_StartCalibration)
    [Anonymous Symbol]                       0x08000eb0   Section        0  ui.o(.text.AIR_CTL_UI)
    [Anonymous Symbol]                       0x08001240   Section        0  ui.o(.text.AIR_DATA_UI)
    [Anonymous Symbol]                       0x0800155c   Section        0  ui.o(.text.AIR_SET_UI)
    [Anonymous Symbol]                       0x080017d4   Section        0  comm.o(.text.Air_Config)
    [Anonymous Symbol]                       0x0800183c   Section        0  comm.o(.text.Air_Control)
    [Anonymous Symbol]                       0x08001a10   Section        0  comm.o(.text.Air_Down)
    [Anonymous Symbol]                       0x08001b20   Section        0  adc.o(.text.Air_Get_Info)
    [Anonymous Symbol]                       0x08001c14   Section        0  ui.o(.text.Air_UI)
    [Anonymous Symbol]                       0x08001c54   Section        0  comm.o(.text.Air_Up)
    [Anonymous Symbol]                       0x08001e24   Section        0  stm32f10x_bkp.o(.text.BKP_DeInit)
    [Anonymous Symbol]                       0x08001e34   Section        0  stm32f10x_bkp.o(.text.BKP_ReadBackupRegister)
    [Anonymous Symbol]                       0x08001e5c   Section        0  stm32f10x_bkp.o(.text.BKP_WriteBackupRegister)
    [Anonymous Symbol]                       0x08001e8c   Section        0  stm32f10x_it.o(.text.BusFault_Handler)
    Column_Set_HV                            0x08001e91   Thumb Code    66  ssd1306.o(.text.Column_Set_HV)
    [Anonymous Symbol]                       0x08001e90   Section        0  ssd1306.o(.text.Column_Set_HV)
    [Anonymous Symbol]                       0x08001ed4   Section        0  delay.o(.text.DELAY_Config)
    [Anonymous Symbol]                       0x08001f14   Section        0  dht11.o(.text.DHT11_Config)
    [Anonymous Symbol]                       0x08001f4c   Section        0  dht11.o(.text.DHT11_GET_BIT)
    [Anonymous Symbol]                       0x08002008   Section        0  dht11.o(.text.DHT11_GET_BYTE)
    [Anonymous Symbol]                       0x08002074   Section        0  dht11.o(.text.DHT11_GetData)
    [Anonymous Symbol]                       0x080021a0   Section        0  dht11.o(.text.DHT11_IN)
    [Anonymous Symbol]                       0x080021d8   Section        0  dht11.o(.text.DHT11_OUT)
    [Anonymous Symbol]                       0x08002204   Section        0  dht11.o(.text.DHT11_START)
    [Anonymous Symbol]                       0x0800230c   Section        0  stm32f10x_it.o(.text.DebugMon_Handler)
    [Anonymous Symbol]                       0x08002310   Section        0  stm32f10x_gpio.o(.text.GPIO_Init)
    [Anonymous Symbol]                       0x08002498   Section        0  stm32f10x_gpio.o(.text.GPIO_ReadInputDataBit)
    [Anonymous Symbol]                       0x080024cc   Section        0  stm32f10x_gpio.o(.text.GPIO_ResetBits)
    [Anonymous Symbol]                       0x080024e0   Section        0  stm32f10x_gpio.o(.text.GPIO_SetBits)
    [Anonymous Symbol]                       0x080024f4   Section        0  stm32f10x_it.o(.text.HardFault_Handler)
    [Anonymous Symbol]                       0x080024f8   Section        0  iic.o(.text.IIC_Config)
    [Anonymous Symbol]                       0x08002574   Section        0  iic.o(.text.IIC_DELAY)
    [Anonymous Symbol]                       0x0800258c   Section        0  iic.o(.text.IIC_HALF_DELAY)
    [Anonymous Symbol]                       0x080025a4   Section        0  iic.o(.text.IIC_IN)
    [Anonymous Symbol]                       0x080025d0   Section        0  iic.o(.text.IIC_OUT)
    [Anonymous Symbol]                       0x080025fc   Section        0  iic.o(.text.IIC_SEND_BYTE)
    [Anonymous Symbol]                       0x080026b0   Section        0  iic.o(.text.IIC_START)
    [Anonymous Symbol]                       0x08002704   Section        0  iic.o(.text.IIC_STOP)
    [Anonymous Symbol]                       0x08002758   Section        0  iic.o(.text.IIC_Set_Delay_Us)
    [Anonymous Symbol]                       0x08002770   Section        0  iic.o(.text.IIC_WAIT_ACK)
    [Anonymous Symbol]                       0x08002810   Section        0  gpio.o(.text.IO_Config)
    [Anonymous Symbol]                       0x0800281c   Section        0  tick.o(.text.IS_100HZ)
    [Anonymous Symbol]                       0x0800286c   Section        0  tick.o(.text.IS_10HZ)
    [Anonymous Symbol]                       0x080028bc   Section        0  tick.o(.text.IS_1HZ)
    [Anonymous Symbol]                       0x0800290c   Section        0  tick.o(.text.IS_2HZ)
    [Anonymous Symbol]                       0x0800295c   Section        0  tick.o(.text.IS_5S)
    [Anonymous Symbol]                       0x080029b0   Section        0  rtc.o(.text.Is_Leap_Year)
    [Anonymous Symbol]                       0x08002a58   Section        0  bottom.o(.text.KEY_Config)
    [Anonymous Symbol]                       0x08002a84   Section        0  bottom.o(.text.KEY_Scan)
    [Anonymous Symbol]                       0x08002e34   Section        0  led.o(.text.LED_Blink)
    [Anonymous Symbol]                       0x08002e7c   Section        0  led.o(.text.LED_Config)
    [Anonymous Symbol]                       0x08002eb0   Section        0  stm32f10x_it.o(.text.MemManage_Handler)
    [Anonymous Symbol]                       0x08002eb4   Section        0  stm32f10x_it.o(.text.NMI_Handler)
    [Anonymous Symbol]                       0x08002eb8   Section        0  misc.o(.text.NVIC_Init)
    [Anonymous Symbol]                       0x08002f64   Section        0  misc.o(.text.NVIC_PriorityGroupConfig)
    [Anonymous Symbol]                       0x08002f80   Section        0  ssd1306.o(.text.OLED_Config)
    [Anonymous Symbol]                       0x08002fa8   Section        0  ssd1306.o(.text.OLED_Display)
    [Anonymous Symbol]                       0x08002fd8   Section        0  ssd1306.o(.text.OLED_GDrawBitmap)
    [Anonymous Symbol]                       0x08003114   Section        0  ssd1306.o(.text.OLED_GDrawChar)
    [Anonymous Symbol]                       0x08003288   Section        0  ssd1306.o(.text.OLED_GDrawString)
    [Anonymous Symbol]                       0x08003330   Section        0  ssd1306.o(.text.OLED_GReset)
    OLED_GResetP                             0x08003391   Thumb Code    80  ssd1306.o(.text.OLED_GResetP)
    [Anonymous Symbol]                       0x08003390   Section        0  ssd1306.o(.text.OLED_GResetP)
    OLED_GSetByte                            0x080033e1   Thumb Code    68  ssd1306.o(.text.OLED_GSetByte)
    [Anonymous Symbol]                       0x080033e0   Section        0  ssd1306.o(.text.OLED_GSetByte)
    OLED_GSetP                               0x08003425   Thumb Code    80  ssd1306.o(.text.OLED_GSetP)
    [Anonymous Symbol]                       0x08003424   Section        0  ssd1306.o(.text.OLED_GSetP)
    OLED_SendCmd                             0x08003475   Thumb Code    58  ssd1306.o(.text.OLED_SendCmd)
    [Anonymous Symbol]                       0x08003474   Section        0  ssd1306.o(.text.OLED_SendCmd)
    OLED_SendCmdCo                           0x080034b1   Thumb Code    86  ssd1306.o(.text.OLED_SendCmdCo)
    [Anonymous Symbol]                       0x080034b0   Section        0  ssd1306.o(.text.OLED_SendCmdCo)
    OLED_SendDataCo                          0x08003509   Thumb Code    86  ssd1306.o(.text.OLED_SendDataCo)
    [Anonymous Symbol]                       0x08003508   Section        0  ssd1306.o(.text.OLED_SendDataCo)
    OLED_Set_MemAddrMode                     0x08003561   Thumb Code    26  ssd1306.o(.text.OLED_Set_MemAddrMode)
    [Anonymous Symbol]                       0x08003560   Section        0  ssd1306.o(.text.OLED_Set_MemAddrMode)
    [Anonymous Symbol]                       0x0800357c   Section        0  stm32f10x_pwr.o(.text.PWR_BackupAccessCmd)
    Page_Set_HV                              0x08003595   Thumb Code    66  ssd1306.o(.text.Page_Set_HV)
    [Anonymous Symbol]                       0x08003594   Section        0  ssd1306.o(.text.Page_Set_HV)
    [Anonymous Symbol]                       0x080035d8   Section        0  stm32f10x_it.o(.text.PendSV_Handler)
    [Anonymous Symbol]                       0x080035dc   Section        0  stm32f10x_rcc.o(.text.RCC_ADCCLKConfig)
    [Anonymous Symbol]                       0x08003608   Section        0  stm32f10x_rcc.o(.text.RCC_APB1PeriphClockCmd)
    [Anonymous Symbol]                       0x08003640   Section        0  stm32f10x_rcc.o(.text.RCC_APB1PeriphResetCmd)
    [Anonymous Symbol]                       0x08003678   Section        0  stm32f10x_rcc.o(.text.RCC_APB2PeriphClockCmd)
    [Anonymous Symbol]                       0x080036b0   Section        0  stm32f10x_rcc.o(.text.RCC_APB2PeriphResetCmd)
    [Anonymous Symbol]                       0x080036e8   Section        0  stm32f10x_rcc.o(.text.RCC_BackupResetCmd)
    [Anonymous Symbol]                       0x08003700   Section        0  stm32f10x_rcc.o(.text.RCC_ClearFlag)
    [Anonymous Symbol]                       0x08003714   Section        0  stm32f10x_rcc.o(.text.RCC_GetClocksFreq)
    [Anonymous Symbol]                       0x08003888   Section        0  stm32f10x_rcc.o(.text.RCC_GetFlagStatus)
    [Anonymous Symbol]                       0x0800390c   Section        0  stm32f10x_rcc.o(.text.RCC_LSEConfig)
    [Anonymous Symbol]                       0x08003958   Section        0  stm32f10x_rcc.o(.text.RCC_RTCCLKCmd)
    [Anonymous Symbol]                       0x08003970   Section        0  stm32f10x_rcc.o(.text.RCC_RTCCLKConfig)
    [Anonymous Symbol]                       0x08003988   Section        0  stm32f10x_rtc.o(.text.RTC_ClearITPendingBit)
    [Anonymous Symbol]                       0x080039a4   Section        0  rtc.o(.text.RTC_Config)
    [Anonymous Symbol]                       0x08003a20   Section        0  stm32f10x_rtc.o(.text.RTC_EnterConfigMode)
    [Anonymous Symbol]                       0x08003a34   Section        0  stm32f10x_rtc.o(.text.RTC_ExitConfigMode)
    [Anonymous Symbol]                       0x08003a48   Section        0  rtc.o(.text.RTC_GetCalendar)
    [Anonymous Symbol]                       0x08003bec   Section        0  stm32f10x_rtc.o(.text.RTC_GetCounter)
    [Anonymous Symbol]                       0x08003c58   Section        0  stm32f10x_rtc.o(.text.RTC_GetITStatus)
    [Anonymous Symbol]                       0x08003cb0   Section        0  rtc.o(.text.RTC_GetWeek)
    [Anonymous Symbol]                       0x08003d70   Section        0  rtc.o(.text.RTC_IRQHandler)
    [Anonymous Symbol]                       0x08003da0   Section        0  stm32f10x_rtc.o(.text.RTC_ITConfig)
    [Anonymous Symbol]                       0x08003de0   Section        0  stm32f10x_rtc.o(.text.RTC_SetCounter)
    [Anonymous Symbol]                       0x08003e0c   Section        0  stm32f10x_rtc.o(.text.RTC_SetPrescaler)
    [Anonymous Symbol]                       0x08003e3c   Section        0  rtc.o(.text.RTC_UpdateTime)
    [Anonymous Symbol]                       0x08003e54   Section        0  stm32f10x_rtc.o(.text.RTC_WaitForLastTask)
    [Anonymous Symbol]                       0x08003e6c   Section        0  stm32f10x_rtc.o(.text.RTC_WaitForSynchro)
    [Anonymous Symbol]                       0x08003e94   Section        0  rtc.o(.text.RTC_config)
    [Anonymous Symbol]                       0x08003f00   Section        0  rtc.o(.text.RTC_set)
    [Anonymous Symbol]                       0x08003f28   Section        0  stm32f10x_it.o(.text.SVC_Handler)
    SetSysClock                              0x08003f2d   Thumb Code     8  system_stm32f10x.o(.text.SetSysClock)
    [Anonymous Symbol]                       0x08003f2c   Section        0  system_stm32f10x.o(.text.SetSysClock)
    SetSysClockTo72                          0x08003f35   Thumb Code   290  system_stm32f10x.o(.text.SetSysClockTo72)
    [Anonymous Symbol]                       0x08003f34   Section        0  system_stm32f10x.o(.text.SetSysClockTo72)
    [Anonymous Symbol]                       0x08004058   Section        0  misc.o(.text.SysTick_CLKSourceConfig)
    [Anonymous Symbol]                       0x0800408c   Section        0  stm32f10x_it.o(.text.SysTick_Handler)
    [Anonymous Symbol]                       0x08004090   Section        0  system_stm32f10x.o(.text.SystemInit)
    [Anonymous Symbol]                       0x080040f8   Section        0  timer.o(.text.TIM2_IRQHandler)
    [Anonymous Symbol]                       0x08004138   Section        0  timer.o(.text.TIMER_Config)
    [Anonymous Symbol]                       0x080041a4   Section        0  stm32f10x_tim.o(.text.TIM_ClearITPendingBit)
    [Anonymous Symbol]                       0x080041bc   Section        0  stm32f10x_tim.o(.text.TIM_Cmd)
    [Anonymous Symbol]                       0x080041e8   Section        0  stm32f10x_tim.o(.text.TIM_DeInit)
    [Anonymous Symbol]                       0x08004484   Section        0  stm32f10x_tim.o(.text.TIM_GetITStatus)
    [Anonymous Symbol]                       0x080044e0   Section        0  stm32f10x_tim.o(.text.TIM_ITConfig)
    [Anonymous Symbol]                       0x08004514   Section        0  stm32f10x_tim.o(.text.TIM_TimeBaseInit)
    [Anonymous Symbol]                       0x08004658   Section        0  usart.o(.text.USART1_Config)
    [Anonymous Symbol]                       0x0800471c   Section        0  usart.o(.text.USART1_IRQHandler)
    [Anonymous Symbol]                       0x0800479c   Section        0  usart.o(.text.USART1_SendHex)
    [Anonymous Symbol]                       0x080047e8   Section        0  usart.o(.text.USART2_IRQHandler)
    [Anonymous Symbol]                       0x08004820   Section        0  stm32f10x_usart.o(.text.USART_ClearITPendingBit)
    [Anonymous Symbol]                       0x08004864   Section        0  stm32f10x_usart.o(.text.USART_Cmd)
    [Anonymous Symbol]                       0x08004890   Section        0  stm32f10x_usart.o(.text.USART_DeInit)
    [Anonymous Symbol]                       0x08004960   Section        0  stm32f10x_usart.o(.text.USART_GetFlagStatus)
    [Anonymous Symbol]                       0x080049a4   Section        0  stm32f10x_usart.o(.text.USART_GetITStatus)
    [Anonymous Symbol]                       0x08004a54   Section        0  stm32f10x_usart.o(.text.USART_ITConfig)
    [Anonymous Symbol]                       0x08004ae8   Section        0  stm32f10x_usart.o(.text.USART_Init)
    [Anonymous Symbol]                       0x08004c44   Section        0  stm32f10x_usart.o(.text.USART_ReceiveData)
    [Anonymous Symbol]                       0x08004c54   Section        0  stm32f10x_usart.o(.text.USART_SendData)
    [Anonymous Symbol]                       0x08004c6c   Section        0  stm32f10x_it.o(.text.UsageFault_Handler)
    [Anonymous Symbol]                       0x08004c70   Section        0  delay.o(.text.delay_ms)
    [Anonymous Symbol]                       0x08004d00   Section        0  delay.o(.text.delay_us)
    [Anonymous Symbol]                       0x08004d8c   Section        0  main.o(.text.main)
    i.__0sprintf                             0x08004e34   Section        0  printfa.o(i.__0sprintf)
    i.__scatterload_copy                     0x08004e5c   Section       14  handlers.o(i.__scatterload_copy)
    i.__scatterload_null                     0x08004e6a   Section        2  handlers.o(i.__scatterload_null)
    i.__scatterload_zeroinit                 0x08004e6c   Section       14  handlers.o(i.__scatterload_zeroinit)
    _fp_digits                               0x08004e7d   Thumb Code   366  printfa.o(i._fp_digits)
    i._fp_digits                             0x08004e7c   Section        0  printfa.o(i._fp_digits)
    _printf_core                             0x08005001   Thumb Code  1744  printfa.o(i._printf_core)
    i._printf_core                           0x08005000   Section        0  printfa.o(i._printf_core)
    _printf_post_padding                     0x080056dd   Thumb Code    36  printfa.o(i._printf_post_padding)
    i._printf_post_padding                   0x080056dc   Section        0  printfa.o(i._printf_post_padding)
    _printf_pre_padding                      0x08005701   Thumb Code    46  printfa.o(i._printf_pre_padding)
    i._printf_pre_padding                    0x08005700   Section        0  printfa.o(i._printf_pre_padding)
    _sputc                                   0x0800572f   Thumb Code    10  printfa.o(i._sputc)
    i._sputc                                 0x0800572e   Section        0  printfa.o(i._sputc)
    ADCPrescTable                            0x08005738   Data           4  stm32f10x_rcc.o(.rodata.ADCPrescTable)
    [Anonymous Symbol]                       0x08005738   Section        0  stm32f10x_rcc.o(.rodata.ADCPrescTable)
    APBAHBPrescTable                         0x0800573c   Data          16  stm32f10x_rcc.o(.rodata.APBAHBPrescTable)
    [Anonymous Symbol]                       0x0800573c   Section        0  stm32f10x_rcc.o(.rodata.APBAHBPrescTable)
    .L.str.7                                 0x08005ecd   Data           2  ui.o(.rodata.str1.1)
    [Anonymous Symbol]                       0x08005ecd   Section        0  ui.o(.rodata.str1.1)
    .L.str.2                                 0x08005ecf   Data          16  ui.o(.rodata.str1.1)
    .L.str.6                                 0x08005edf   Data           4  ui.o(.rodata.str1.1)
    .L.str.1                                 0x08005ee3   Data          10  ui.o(.rodata.str1.1)
    .L.str.5                                 0x08005eed   Data           3  ui.o(.rodata.str1.1)
    .L.str                                   0x08005ef0   Data           6  ui.o(.rodata.str1.1)
    .L.str.8                                 0x08005ef6   Data           7  ui.o(.rodata.str1.1)
    .L.str.4                                 0x08005efd   Data           4  ui.o(.rodata.str1.1)
    .L.str.3                                 0x08005f01   Data           7  ui.o(.rodata.str1.1)
    Air_Get_Info.pm25_min_vol                0x20000000   Data           2  adc.o(.data.Air_Get_Info.pm25_min_vol)
    [Anonymous Symbol]                       0x20000000   Section        0  adc.o(.data.Air_Get_Info.pm25_min_vol)
    IIC_DELAY_US                             0x20000002   Data           1  iic.o(.data.IIC_DELAY_US)
    [Anonymous Symbol]                       0x20000002   Section        0  iic.o(.data.IIC_DELAY_US)
    Air_Control.violed_last_state            0x20000008   Data           1  comm.o(.bss.Air_Control.violed_last_state)
    [Anonymous Symbol]                       0x20000008   Section        0  comm.o(.bss.Air_Control.violed_last_state)
    IIC_Config.isInit                        0x20000409   Data           1  iic.o(.bss.IIC_Config.isInit)
    [Anonymous Symbol]                       0x20000409   Section        0  iic.o(.bss.IIC_Config.isInit)
    IS_100HZ.last_ms                         0x2000040c   Data           4  tick.o(.bss.IS_100HZ.last_ms)
    [Anonymous Symbol]                       0x2000040c   Section        0  tick.o(.bss.IS_100HZ.last_ms)
    IS_10HZ.last_ms                          0x20000410   Data           4  tick.o(.bss.IS_10HZ.last_ms)
    [Anonymous Symbol]                       0x20000410   Section        0  tick.o(.bss.IS_10HZ.last_ms)
    IS_1HZ.last_ms                           0x20000414   Data           4  tick.o(.bss.IS_1HZ.last_ms)
    [Anonymous Symbol]                       0x20000414   Section        0  tick.o(.bss.IS_1HZ.last_ms)
    IS_2HZ.last_ms                           0x20000418   Data           4  tick.o(.bss.IS_2HZ.last_ms)
    [Anonymous Symbol]                       0x20000418   Section        0  tick.o(.bss.IS_2HZ.last_ms)
    IS_5S.last_ms                            0x2000041c   Data           4  tick.o(.bss.IS_5S.last_ms)
    [Anonymous Symbol]                       0x2000041c   Section        0  tick.o(.bss.IS_5S.last_ms)
    KEY_Scan.high_cnt                        0x20000420   Data          20  bottom.o(.bss.KEY_Scan.high_cnt)
    [Anonymous Symbol]                       0x20000420   Section        0  bottom.o(.bss.KEY_Scan.high_cnt)
    LED_Blink.flag                           0x20000434   Data           1  led.o(.bss.LED_Blink.flag)
    [Anonymous Symbol]                       0x20000434   Section        0  led.o(.bss.LED_Blink.flag)
    RTC_GetCalendar.daycount                 0x20000436   Data           2  rtc.o(.bss.RTC_GetCalendar.daycount)
    [Anonymous Symbol]                       0x20000436   Section        0  rtc.o(.bss.RTC_GetCalendar.daycount)
    fac_ms                                   0x20000c7e   Data           2  delay.o(.bss.fac_ms)
    [Anonymous Symbol]                       0x20000c7e   Section        0  delay.o(.bss.fac_ms)
    fac_us                                   0x20000c80   Data           1  delay.o(.bss.fac_us)
    [Anonymous Symbol]                       0x20000c80   Section        0  delay.o(.bss.fac_us)
    isInit                                   0x20000c81   Data           1  ssd1306.o(.bss.isInit)
    [Anonymous Symbol]                       0x20000c81   Section        0  ssd1306.o(.bss.isInit)
    temp                                     0x20000c82   Data         100  ui.o(.bss.temp)
    [Anonymous Symbol]                       0x20000c82   Section        0  ui.o(.bss.temp)
    temp                                     0x20000ce6   Data           1  usart.o(.bss.temp)
    [Anonymous Symbol]                       0x20000ce6   Section        0  usart.o(.bss.temp)
    STACK                                    0x20000ce8   Section    16384  startup_stm32f10x_md.o(STACK)

    Global Symbols

    Symbol Name                              Value     Ov Type        Size  Object(Section)

    BuildAttributes$$THM_ISAv4$P$D$K$B$S$PE$A:L22UL41UL21$X:L11$S22US41US21$IEEE1$IW$~IW$USESV6$~STKCKD$USESV7$~SHL$OTIME$ROPI$EBA8$MICROLIB$REQ8$PRES8$EABIv2 0x00000000   Number         0  anon$$obj.o ABSOLUTE
    __cpp_initialize__aeabi_                  - Undefined Weak Reference
    __cxa_finalize                            - Undefined Weak Reference
    __decompress                              - Undefined Weak Reference
    _clock_init                               - Undefined Weak Reference
    _microlib_exit                            - Undefined Weak Reference
    __Vectors_Size                           0x000000ec   Number         0  startup_stm32f10x_md.o ABSOLUTE
    __Vectors                                0x08000000   Data           4  startup_stm32f10x_md.o(RESET)
    __Vectors_End                            0x080000ec   Data           0  startup_stm32f10x_md.o(RESET)
    __main                                   0x080000ed   Thumb Code     0  entry.o(.ARM.Collect$$$$00000000)
    _main_stk                                0x080000ed   Thumb Code     0  entry2.o(.ARM.Collect$$$$00000001)
    _main_scatterload                        0x080000f1   Thumb Code     0  entry5.o(.ARM.Collect$$$$00000004)
    __main_after_scatterload                 0x080000f5   Thumb Code     0  entry5.o(.ARM.Collect$$$$00000004)
    _main_clock                              0x080000f5   Thumb Code     0  entry7b.o(.ARM.Collect$$$$00000008)
    _main_cpp_init                           0x080000f5   Thumb Code     0  entry8b.o(.ARM.Collect$$$$0000000A)
    _main_init                               0x080000f5   Thumb Code     0  entry9a.o(.ARM.Collect$$$$0000000B)
    __rt_final_cpp                           0x080000fd   Thumb Code     0  entry10a.o(.ARM.Collect$$$$0000000D)
    __rt_final_exit                          0x080000fd   Thumb Code     0  entry11a.o(.ARM.Collect$$$$0000000F)
    Reset_Handler                            0x08000101   Thumb Code     8  startup_stm32f10x_md.o(.text)
    ADC1_2_IRQHandler                        0x0800011b   Thumb Code     0  startup_stm32f10x_md.o(.text)
    CAN1_RX1_IRQHandler                      0x0800011b   Thumb Code     0  startup_stm32f10x_md.o(.text)
    CAN1_SCE_IRQHandler                      0x0800011b   Thumb Code     0  startup_stm32f10x_md.o(.text)
    DMA1_Channel1_IRQHandler                 0x0800011b   Thumb Code     0  startup_stm32f10x_md.o(.text)
    DMA1_Channel2_IRQHandler                 0x0800011b   Thumb Code     0  startup_stm32f10x_md.o(.text)
    DMA1_Channel3_IRQHandler                 0x0800011b   Thumb Code     0  startup_stm32f10x_md.o(.text)
    DMA1_Channel4_IRQHandler                 0x0800011b   Thumb Code     0  startup_stm32f10x_md.o(.text)
    DMA1_Channel5_IRQHandler                 0x0800011b   Thumb Code     0  startup_stm32f10x_md.o(.text)
    DMA1_Channel6_IRQHandler                 0x0800011b   Thumb Code     0  startup_stm32f10x_md.o(.text)
    DMA1_Channel7_IRQHandler                 0x0800011b   Thumb Code     0  startup_stm32f10x_md.o(.text)
    EXTI0_IRQHandler                         0x0800011b   Thumb Code     0  startup_stm32f10x_md.o(.text)
    EXTI15_10_IRQHandler                     0x0800011b   Thumb Code     0  startup_stm32f10x_md.o(.text)
    EXTI1_IRQHandler                         0x0800011b   Thumb Code     0  startup_stm32f10x_md.o(.text)
    EXTI2_IRQHandler                         0x0800011b   Thumb Code     0  startup_stm32f10x_md.o(.text)
    EXTI3_IRQHandler                         0x0800011b   Thumb Code     0  startup_stm32f10x_md.o(.text)
    EXTI4_IRQHandler                         0x0800011b   Thumb Code     0  startup_stm32f10x_md.o(.text)
    EXTI9_5_IRQHandler                       0x0800011b   Thumb Code     0  startup_stm32f10x_md.o(.text)
    FLASH_IRQHandler                         0x0800011b   Thumb Code     0  startup_stm32f10x_md.o(.text)
    I2C1_ER_IRQHandler                       0x0800011b   Thumb Code     0  startup_stm32f10x_md.o(.text)
    I2C1_EV_IRQHandler                       0x0800011b   Thumb Code     0  startup_stm32f10x_md.o(.text)
    I2C2_ER_IRQHandler                       0x0800011b   Thumb Code     0  startup_stm32f10x_md.o(.text)
    I2C2_EV_IRQHandler                       0x0800011b   Thumb Code     0  startup_stm32f10x_md.o(.text)
    PVD_IRQHandler                           0x0800011b   Thumb Code     0  startup_stm32f10x_md.o(.text)
    RCC_IRQHandler                           0x0800011b   Thumb Code     0  startup_stm32f10x_md.o(.text)
    RTCAlarm_IRQHandler                      0x0800011b   Thumb Code     0  startup_stm32f10x_md.o(.text)
    SPI1_IRQHandler                          0x0800011b   Thumb Code     0  startup_stm32f10x_md.o(.text)
    SPI2_IRQHandler                          0x0800011b   Thumb Code     0  startup_stm32f10x_md.o(.text)
    TAMPER_IRQHandler                        0x0800011b   Thumb Code     0  startup_stm32f10x_md.o(.text)
    TIM1_BRK_IRQHandler                      0x0800011b   Thumb Code     0  startup_stm32f10x_md.o(.text)
    TIM1_CC_IRQHandler                       0x0800011b   Thumb Code     0  startup_stm32f10x_md.o(.text)
    TIM1_TRG_COM_IRQHandler                  0x0800011b   Thumb Code     0  startup_stm32f10x_md.o(.text)
    TIM1_UP_IRQHandler                       0x0800011b   Thumb Code     0  startup_stm32f10x_md.o(.text)
    TIM3_IRQHandler                          0x0800011b   Thumb Code     0  startup_stm32f10x_md.o(.text)
    TIM4_IRQHandler                          0x0800011b   Thumb Code     0  startup_stm32f10x_md.o(.text)
    USART3_IRQHandler                        0x0800011b   Thumb Code     0  startup_stm32f10x_md.o(.text)
    USBWakeUp_IRQHandler                     0x0800011b   Thumb Code     0  startup_stm32f10x_md.o(.text)
    USB_HP_CAN1_TX_IRQHandler                0x0800011b   Thumb Code     0  startup_stm32f10x_md.o(.text)
    USB_LP_CAN1_RX0_IRQHandler               0x0800011b   Thumb Code     0  startup_stm32f10x_md.o(.text)
    WWDG_IRQHandler                          0x0800011b   Thumb Code     0  startup_stm32f10x_md.o(.text)
    strlen                                   0x08000125   Thumb Code    14  strlen.o(.text)
    __aeabi_fadd                             0x08000133   Thumb Code   164  fadd.o(.text)
    __aeabi_fsub                             0x080001d7   Thumb Code     6  fadd.o(.text)
    __aeabi_frsub                            0x080001dd   Thumb Code     6  fadd.o(.text)
    __aeabi_fmul                             0x080001e3   Thumb Code   100  fmul.o(.text)
    __aeabi_fdiv                             0x08000247   Thumb Code   124  fdiv.o(.text)
    __aeabi_dmul                             0x080002c3   Thumb Code   228  dmul.o(.text)
    __aeabi_fcmple                           0x080003a7   Thumb Code    28  fcmple.o(.text)
    __aeabi_fcmpge                           0x080003c3   Thumb Code    28  fcmpge.o(.text)
    __aeabi_i2f                              0x080003df   Thumb Code    18  fflti.o(.text)
    __aeabi_ui2f                             0x080003f1   Thumb Code    10  ffltui.o(.text)
    __aeabi_f2iz                             0x080003fb   Thumb Code    50  ffixi.o(.text)
    __aeabi_f2d                              0x0800042d   Thumb Code    38  f2d.o(.text)
    __aeabi_d2f                              0x08000453   Thumb Code    56  d2f.o(.text)
    __aeabi_uidiv                            0x0800048b   Thumb Code     0  uidiv.o(.text)
    __aeabi_uidivmod                         0x0800048b   Thumb Code    44  uidiv.o(.text)
    __aeabi_uldivmod                         0x080004b7   Thumb Code    98  uldiv.o(.text)
    __I$use$fp                               0x08000519   Thumb Code     0  iusefp.o(.text)
    _float_round                             0x08000519   Thumb Code    18  fepilogue.o(.text)
    _float_epilogue                          0x0800052b   Thumb Code    92  fepilogue.o(.text)
    _double_round                            0x08000587   Thumb Code    30  depilogue.o(.text)
    _double_epilogue                         0x080005a5   Thumb Code   156  depilogue.o(.text)
    __aeabi_dadd                             0x08000641   Thumb Code   322  dadd.o(.text)
    __aeabi_dsub                             0x08000783   Thumb Code     6  dadd.o(.text)
    __aeabi_drsub                            0x08000789   Thumb Code     6  dadd.o(.text)
    __aeabi_ddiv                             0x0800078f   Thumb Code   222  ddiv.o(.text)
    __aeabi_d2ulz                            0x0800086d   Thumb Code    48  dfixul.o(.text)
    __aeabi_cdrcmple                         0x0800089d   Thumb Code    48  cdrcmple.o(.text)
    __scatterload                            0x080008cd   Thumb Code    28  init.o(.text)
    __scatterload_rt2                        0x080008cd   Thumb Code     0  init.o(.text)
    __aeabi_llsl                             0x080008f1   Thumb Code    30  llshl.o(.text)
    _ll_shift_l                              0x080008f1   Thumb Code     0  llshl.o(.text)
    __aeabi_llsr                             0x0800090f   Thumb Code    32  llushr.o(.text)
    _ll_ushift_r                             0x0800090f   Thumb Code     0  llushr.o(.text)
    __aeabi_lasr                             0x0800092f   Thumb Code    36  llsshr.o(.text)
    _ll_sshift_r                             0x0800092f   Thumb Code     0  llsshr.o(.text)
    ADC_Cmd                                  0x08000955   Thumb Code    44  stm32f10x_adc.o(.text.ADC_Cmd)
    ADC_Config                               0x08000981   Thumb Code   248  adc.o(.text.ADC_Config)
    ADC_DeInit                               0x08000a79   Thumb Code   128  stm32f10x_adc.o(.text.ADC_DeInit)
    ADC_Get                                  0x08000af9   Thumb Code    78  adc.o(.text.ADC_Get)
    ADC_GetCalibrationStatus                 0x08000b49   Thumb Code    46  stm32f10x_adc.o(.text.ADC_GetCalibrationStatus)
    ADC_GetConversionValue                   0x08000b79   Thumb Code    14  stm32f10x_adc.o(.text.ADC_GetConversionValue)
    ADC_GetFlagStatus                        0x08000b89   Thumb Code    52  stm32f10x_adc.o(.text.ADC_GetFlagStatus)
    ADC_GetResetCalibrationStatus            0x08000bbd   Thumb Code    46  stm32f10x_adc.o(.text.ADC_GetResetCalibrationStatus)
    ADC_Get_Aver                             0x08000bed   Thumb Code    88  adc.o(.text.ADC_Get_Aver)
    ADC_Init                                 0x08000c45   Thumb Code   154  stm32f10x_adc.o(.text.ADC_Init)
    ADC_RegularChannelConfig                 0x08000ce1   Thumb Code   380  stm32f10x_adc.o(.text.ADC_RegularChannelConfig)
    ADC_ResetCalibration                     0x08000e5d   Thumb Code    18  stm32f10x_adc.o(.text.ADC_ResetCalibration)
    ADC_SoftwareStartConvCmd                 0x08000e71   Thumb Code    44  stm32f10x_adc.o(.text.ADC_SoftwareStartConvCmd)
    ADC_StartCalibration                     0x08000e9d   Thumb Code    18  stm32f10x_adc.o(.text.ADC_StartCalibration)
    AIR_CTL_UI                               0x08000eb1   Thumb Code   910  ui.o(.text.AIR_CTL_UI)
    AIR_DATA_UI                              0x08001241   Thumb Code   796  ui.o(.text.AIR_DATA_UI)
    AIR_SET_UI                               0x0800155d   Thumb Code   630  ui.o(.text.AIR_SET_UI)
    Air_Config                               0x080017d5   Thumb Code   104  comm.o(.text.Air_Config)
    Air_Control                              0x0800183d   Thumb Code   466  comm.o(.text.Air_Control)
    Air_Down                                 0x08001a11   Thumb Code   270  comm.o(.text.Air_Down)
    Air_Get_Info                             0x08001b21   Thumb Code   242  adc.o(.text.Air_Get_Info)
    Air_UI                                   0x08001c15   Thumb Code    64  ui.o(.text.Air_UI)
    Air_Up                                   0x08001c55   Thumb Code   462  comm.o(.text.Air_Up)
    BKP_DeInit                               0x08001e25   Thumb Code    16  stm32f10x_bkp.o(.text.BKP_DeInit)
    BKP_ReadBackupRegister                   0x08001e35   Thumb Code    38  stm32f10x_bkp.o(.text.BKP_ReadBackupRegister)
    BKP_WriteBackupRegister                  0x08001e5d   Thumb Code    46  stm32f10x_bkp.o(.text.BKP_WriteBackupRegister)
    BusFault_Handler                         0x08001e8d   Thumb Code     4  stm32f10x_it.o(.text.BusFault_Handler)
    DELAY_Config                             0x08001ed5   Thumb Code    64  delay.o(.text.DELAY_Config)
    DHT11_Config                             0x08001f15   Thumb Code    54  dht11.o(.text.DHT11_Config)
    DHT11_GET_BIT                            0x08001f4d   Thumb Code   186  dht11.o(.text.DHT11_GET_BIT)
    DHT11_GET_BYTE                           0x08002009   Thumb Code   106  dht11.o(.text.DHT11_GET_BYTE)
    DHT11_GetData                            0x08002075   Thumb Code   300  dht11.o(.text.DHT11_GetData)
    DHT11_IN                                 0x080021a1   Thumb Code    54  dht11.o(.text.DHT11_IN)
    DHT11_OUT                                0x080021d9   Thumb Code    42  dht11.o(.text.DHT11_OUT)
    DHT11_START                              0x08002205   Thumb Code   264  dht11.o(.text.DHT11_START)
    DebugMon_Handler                         0x0800230d   Thumb Code     2  stm32f10x_it.o(.text.DebugMon_Handler)
    GPIO_Init                                0x08002311   Thumb Code   390  stm32f10x_gpio.o(.text.GPIO_Init)
    GPIO_ReadInputDataBit                    0x08002499   Thumb Code    52  stm32f10x_gpio.o(.text.GPIO_ReadInputDataBit)
    GPIO_ResetBits                           0x080024cd   Thumb Code    20  stm32f10x_gpio.o(.text.GPIO_ResetBits)
    GPIO_SetBits                             0x080024e1   Thumb Code    20  stm32f10x_gpio.o(.text.GPIO_SetBits)
    HardFault_Handler                        0x080024f5   Thumb Code     4  stm32f10x_it.o(.text.HardFault_Handler)
    IIC_Config                               0x080024f9   Thumb Code   124  iic.o(.text.IIC_Config)
    IIC_DELAY                                0x08002575   Thumb Code    24  iic.o(.text.IIC_DELAY)
    IIC_HALF_DELAY                           0x0800258d   Thumb Code    24  iic.o(.text.IIC_HALF_DELAY)
    IIC_IN                                   0x080025a5   Thumb Code    42  iic.o(.text.IIC_IN)
    IIC_OUT                                  0x080025d1   Thumb Code    42  iic.o(.text.IIC_OUT)
    IIC_SEND_BYTE                            0x080025fd   Thumb Code   178  iic.o(.text.IIC_SEND_BYTE)
    IIC_START                                0x080026b1   Thumb Code    84  iic.o(.text.IIC_START)
    IIC_STOP                                 0x08002705   Thumb Code    84  iic.o(.text.IIC_STOP)
    IIC_Set_Delay_Us                         0x08002759   Thumb Code    24  iic.o(.text.IIC_Set_Delay_Us)
    IIC_WAIT_ACK                             0x08002771   Thumb Code   158  iic.o(.text.IIC_WAIT_ACK)
    IO_Config                                0x08002811   Thumb Code    12  gpio.o(.text.IO_Config)
    IS_100HZ                                 0x0800281d   Thumb Code    78  tick.o(.text.IS_100HZ)
    IS_10HZ                                  0x0800286d   Thumb Code    78  tick.o(.text.IS_10HZ)
    IS_1HZ                                   0x080028bd   Thumb Code    80  tick.o(.text.IS_1HZ)
    IS_2HZ                                   0x0800290d   Thumb Code    80  tick.o(.text.IS_2HZ)
    IS_5S                                    0x0800295d   Thumb Code    82  tick.o(.text.IS_5S)
    Is_Leap_Year                             0x080029b1   Thumb Code   166  rtc.o(.text.Is_Leap_Year)
    KEY_Config                               0x08002a59   Thumb Code    42  bottom.o(.text.KEY_Config)
    KEY_Scan                                 0x08002a85   Thumb Code   944  bottom.o(.text.KEY_Scan)
    LED_Blink                                0x08002e35   Thumb Code    72  led.o(.text.LED_Blink)
    LED_Config                               0x08002e7d   Thumb Code    52  led.o(.text.LED_Config)
    MemManage_Handler                        0x08002eb1   Thumb Code     4  stm32f10x_it.o(.text.MemManage_Handler)
    NMI_Handler                              0x08002eb5   Thumb Code     2  stm32f10x_it.o(.text.NMI_Handler)
    NVIC_Init                                0x08002eb9   Thumb Code   170  misc.o(.text.NVIC_Init)
    NVIC_PriorityGroupConfig                 0x08002f65   Thumb Code    28  misc.o(.text.NVIC_PriorityGroupConfig)
    OLED_Config                              0x08002f81   Thumb Code    38  ssd1306.o(.text.OLED_Config)
    OLED_Display                             0x08002fa9   Thumb Code    48  ssd1306.o(.text.OLED_Display)
    OLED_GDrawBitmap                         0x08002fd9   Thumb Code   316  ssd1306.o(.text.OLED_GDrawBitmap)
    OLED_GDrawChar                           0x08003115   Thumb Code   370  ssd1306.o(.text.OLED_GDrawChar)
    OLED_GDrawString                         0x08003289   Thumb Code   168  ssd1306.o(.text.OLED_GDrawString)
    OLED_GReset                              0x08003331   Thumb Code    94  ssd1306.o(.text.OLED_GReset)
    PWR_BackupAccessCmd                      0x0800357d   Thumb Code    22  stm32f10x_pwr.o(.text.PWR_BackupAccessCmd)
    PendSV_Handler                           0x080035d9   Thumb Code     2  stm32f10x_it.o(.text.PendSV_Handler)
    RCC_ADCCLKConfig                         0x080035dd   Thumb Code    44  stm32f10x_rcc.o(.text.RCC_ADCCLKConfig)
    RCC_APB1PeriphClockCmd                   0x08003609   Thumb Code    56  stm32f10x_rcc.o(.text.RCC_APB1PeriphClockCmd)
    RCC_APB1PeriphResetCmd                   0x08003641   Thumb Code    56  stm32f10x_rcc.o(.text.RCC_APB1PeriphResetCmd)
    RCC_APB2PeriphClockCmd                   0x08003679   Thumb Code    56  stm32f10x_rcc.o(.text.RCC_APB2PeriphClockCmd)
    RCC_APB2PeriphResetCmd                   0x080036b1   Thumb Code    56  stm32f10x_rcc.o(.text.RCC_APB2PeriphResetCmd)
    RCC_BackupResetCmd                       0x080036e9   Thumb Code    24  stm32f10x_rcc.o(.text.RCC_BackupResetCmd)
    RCC_ClearFlag                            0x08003701   Thumb Code    18  stm32f10x_rcc.o(.text.RCC_ClearFlag)
    RCC_GetClocksFreq                        0x08003715   Thumb Code   370  stm32f10x_rcc.o(.text.RCC_GetClocksFreq)
    RCC_GetFlagStatus                        0x08003889   Thumb Code   130  stm32f10x_rcc.o(.text.RCC_GetFlagStatus)
    RCC_LSEConfig                            0x0800390d   Thumb Code    76  stm32f10x_rcc.o(.text.RCC_LSEConfig)
    RCC_RTCCLKCmd                            0x08003959   Thumb Code    24  stm32f10x_rcc.o(.text.RCC_RTCCLKCmd)
    RCC_RTCCLKConfig                         0x08003971   Thumb Code    24  stm32f10x_rcc.o(.text.RCC_RTCCLKConfig)
    RTC_ClearITPendingBit                    0x08003989   Thumb Code    28  stm32f10x_rtc.o(.text.RTC_ClearITPendingBit)
    RTC_Config                               0x080039a5   Thumb Code   122  rtc.o(.text.RTC_Config)
    RTC_EnterConfigMode                      0x08003a21   Thumb Code    18  stm32f10x_rtc.o(.text.RTC_EnterConfigMode)
    RTC_ExitConfigMode                       0x08003a35   Thumb Code    18  stm32f10x_rtc.o(.text.RTC_ExitConfigMode)
    RTC_GetCalendar                          0x08003a49   Thumb Code   420  rtc.o(.text.RTC_GetCalendar)
    RTC_GetCounter                           0x08003bed   Thumb Code   108  stm32f10x_rtc.o(.text.RTC_GetCounter)
    RTC_GetITStatus                          0x08003c59   Thumb Code    86  stm32f10x_rtc.o(.text.RTC_GetITStatus)
    RTC_GetWeek                              0x08003cb1   Thumb Code   192  rtc.o(.text.RTC_GetWeek)
    RTC_IRQHandler                           0x08003d71   Thumb Code    48  rtc.o(.text.RTC_IRQHandler)
    RTC_ITConfig                             0x08003da1   Thumb Code    62  stm32f10x_rtc.o(.text.RTC_ITConfig)
    RTC_SetCounter                           0x08003de1   Thumb Code    44  stm32f10x_rtc.o(.text.RTC_SetCounter)
    RTC_SetPrescaler                         0x08003e0d   Thumb Code    46  stm32f10x_rtc.o(.text.RTC_SetPrescaler)
    RTC_UpdateTime                           0x08003e3d   Thumb Code    24  rtc.o(.text.RTC_UpdateTime)
    RTC_WaitForLastTask                      0x08003e55   Thumb Code    24  stm32f10x_rtc.o(.text.RTC_WaitForLastTask)
    RTC_WaitForSynchro                       0x08003e6d   Thumb Code    40  stm32f10x_rtc.o(.text.RTC_WaitForSynchro)
    RTC_config                               0x08003e95   Thumb Code   108  rtc.o(.text.RTC_config)
    RTC_set                                  0x08003f01   Thumb Code    38  rtc.o(.text.RTC_set)
    SVC_Handler                              0x08003f29   Thumb Code     2  stm32f10x_it.o(.text.SVC_Handler)
    SysTick_CLKSourceConfig                  0x08004059   Thumb Code    52  misc.o(.text.SysTick_CLKSourceConfig)
    SysTick_Handler                          0x0800408d   Thumb Code     2  stm32f10x_it.o(.text.SysTick_Handler)
    SystemInit                               0x08004091   Thumb Code   102  system_stm32f10x.o(.text.SystemInit)
    TIM2_IRQHandler                          0x080040f9   Thumb Code    62  timer.o(.text.TIM2_IRQHandler)
    TIMER_Config                             0x08004139   Thumb Code   106  timer.o(.text.TIMER_Config)
    TIM_ClearITPendingBit                    0x080041a5   Thumb Code    22  stm32f10x_tim.o(.text.TIM_ClearITPendingBit)
    TIM_Cmd                                  0x080041bd   Thumb Code    44  stm32f10x_tim.o(.text.TIM_Cmd)
    TIM_DeInit                               0x080041e9   Thumb Code   666  stm32f10x_tim.o(.text.TIM_DeInit)
    TIM_GetITStatus                          0x08004485   Thumb Code    90  stm32f10x_tim.o(.text.TIM_GetITStatus)
    TIM_ITConfig                             0x080044e1   Thumb Code    52  stm32f10x_tim.o(.text.TIM_ITConfig)
    TIM_TimeBaseInit                         0x08004515   Thumb Code   322  stm32f10x_tim.o(.text.TIM_TimeBaseInit)
    USART1_Config                            0x08004659   Thumb Code   196  usart.o(.text.USART1_Config)
    USART1_IRQHandler                        0x0800471d   Thumb Code   128  usart.o(.text.USART1_IRQHandler)
    USART1_SendHex                           0x0800479d   Thumb Code    74  usart.o(.text.USART1_SendHex)
    USART2_IRQHandler                        0x080047e9   Thumb Code    56  usart.o(.text.USART2_IRQHandler)
    USART_ClearITPendingBit                  0x08004821   Thumb Code    68  stm32f10x_usart.o(.text.USART_ClearITPendingBit)
    USART_Cmd                                0x08004865   Thumb Code    44  stm32f10x_usart.o(.text.USART_Cmd)
    USART_DeInit                             0x08004891   Thumb Code   208  stm32f10x_usart.o(.text.USART_DeInit)
    USART_GetFlagStatus                      0x08004961   Thumb Code    68  stm32f10x_usart.o(.text.USART_GetFlagStatus)
    USART_GetITStatus                        0x080049a5   Thumb Code   176  stm32f10x_usart.o(.text.USART_GetITStatus)
    USART_ITConfig                           0x08004a55   Thumb Code   146  stm32f10x_usart.o(.text.USART_ITConfig)
    USART_Init                               0x08004ae9   Thumb Code   348  stm32f10x_usart.o(.text.USART_Init)
    USART_ReceiveData                        0x08004c45   Thumb Code    16  stm32f10x_usart.o(.text.USART_ReceiveData)
    USART_SendData                           0x08004c55   Thumb Code    24  stm32f10x_usart.o(.text.USART_SendData)
    UsageFault_Handler                       0x08004c6d   Thumb Code     4  stm32f10x_it.o(.text.UsageFault_Handler)
    delay_ms                                 0x08004c71   Thumb Code   144  delay.o(.text.delay_ms)
    delay_us                                 0x08004d01   Thumb Code   140  delay.o(.text.delay_us)
    main                                     0x08004d8d   Thumb Code   166  main.o(.text.main)
    __0sprintf                               0x08004e35   Thumb Code    34  printfa.o(i.__0sprintf)
    __1sprintf                               0x08004e35   Thumb Code     0  printfa.o(i.__0sprintf)
    __2sprintf                               0x08004e35   Thumb Code     0  printfa.o(i.__0sprintf)
    __c89sprintf                             0x08004e35   Thumb Code     0  printfa.o(i.__0sprintf)
    sprintf                                  0x08004e35   Thumb Code     0  printfa.o(i.__0sprintf)
    __scatterload_copy                       0x08004e5d   Thumb Code    14  handlers.o(i.__scatterload_copy)
    __scatterload_null                       0x08004e6b   Thumb Code     2  handlers.o(i.__scatterload_null)
    __scatterload_zeroinit                   0x08004e6d   Thumb Code    14  handlers.o(i.__scatterload_zeroinit)
    OLED_InitCmd                             0x0800574c   Data          25  ssd1306.o(.rodata.OLED_InitCmd)
    ascii                                    0x08005765   Data        1140  fonts.o(.rodata.ascii)
    ch                                       0x08005bd9   Data         744  fonts.o(.rodata.ch)
    month_table                              0x08005ec1   Data          12  rtc.o(.rodata.month_table)
    week_table                               0x08005f08   Data          12  rtc.o(.rodata.week_table)
    Region$$Table$$Base                      0x08005f14   Number         0  anon$$obj.o(Region$$Table)
    Region$$Table$$Limit                     0x08005f34   Number         0  anon$$obj.o(Region$$Table)
    SystemCoreClock                          0x20000004   Data           4  system_stm32f10x.o(.data.SystemCoreClock)
    GDDRAM                                   0x20000009   Data        1024  ssd1306.o(.bss.GDDRAM)
    air                                      0x20000438   Data        2112  main.o(.bss.air)
    dht11_buff                               0x20000c78   Data           5  dht11.o(.bss.dht11_buff)
    __initial_sp                             0x20004ce8   Data           0  startup_stm32f10x_md.o(STACK)



==============================================================================

Memory Map of the image

  Image Entry point : 0x080000ed

  Load Region LR_IROM1 (Base: 0x08000000, Size: 0x00005f40, Max: 0x00010000, ABSOLUTE)

    Execution Region ER_IROM1 (Exec base: 0x08000000, Load base: 0x08000000, Size: 0x00005f34, Max: 0x00010000, ABSOLUTE)

    Exec Addr    Load Addr    Size         Type   Attr      Idx    E Section Name        Object

    0x08000000   0x08000000   0x000000ec   Data   RO         1531    RESET               startup_stm32f10x_md.o
    0x080000ec   0x080000ec   0x00000000   Code   RO         1538  * .ARM.Collect$$$$00000000  mc_w.l(entry.o)
    0x080000ec   0x080000ec   0x00000004   Code   RO         1593    .ARM.Collect$$$$00000001  mc_w.l(entry2.o)
    0x080000f0   0x080000f0   0x00000004   Code   RO         1596    .ARM.Collect$$$$00000004  mc_w.l(entry5.o)
    0x080000f4   0x080000f4   0x00000000   Code   RO         1598    .ARM.Collect$$$$00000008  mc_w.l(entry7b.o)
    0x080000f4   0x080000f4   0x00000000   Code   RO         1600    .ARM.Collect$$$$0000000A  mc_w.l(entry8b.o)
    0x080000f4   0x080000f4   0x00000008   Code   RO         1601    .ARM.Collect$$$$0000000B  mc_w.l(entry9a.o)
    0x080000fc   0x080000fc   0x00000000   Code   RO         1603    .ARM.Collect$$$$0000000D  mc_w.l(entry10a.o)
    0x080000fc   0x080000fc   0x00000000   Code   RO         1605    .ARM.Collect$$$$0000000F  mc_w.l(entry11a.o)
    0x080000fc   0x080000fc   0x00000004   Code   RO         1594    .ARM.Collect$$$$00002712  mc_w.l(entry2.o)
    0x08000100   0x08000100   0x00000024   Code   RO         1532    .text               startup_stm32f10x_md.o
    0x08000124   0x08000124   0x0000000e   Code   RO         1541    .text               mc_w.l(strlen.o)
    0x08000132   0x08000132   0x000000b0   Code   RO         1571    .text               mf_w.l(fadd.o)
    0x080001e2   0x080001e2   0x00000064   Code   RO         1573    .text               mf_w.l(fmul.o)
    0x08000246   0x08000246   0x0000007c   Code   RO         1575    .text               mf_w.l(fdiv.o)
    0x080002c2   0x080002c2   0x000000e4   Code   RO         1577    .text               mf_w.l(dmul.o)
    0x080003a6   0x080003a6   0x0000001c   Code   RO         1579    .text               mf_w.l(fcmple.o)
    0x080003c2   0x080003c2   0x0000001c   Code   RO         1581    .text               mf_w.l(fcmpge.o)
    0x080003de   0x080003de   0x00000012   Code   RO         1583    .text               mf_w.l(fflti.o)
    0x080003f0   0x080003f0   0x0000000a   Code   RO         1585    .text               mf_w.l(ffltui.o)
    0x080003fa   0x080003fa   0x00000032   Code   RO         1587    .text               mf_w.l(ffixi.o)
    0x0800042c   0x0800042c   0x00000026   Code   RO         1589    .text               mf_w.l(f2d.o)
    0x08000452   0x08000452   0x00000038   Code   RO         1591    .text               mf_w.l(d2f.o)
    0x0800048a   0x0800048a   0x0000002c   Code   RO         1617    .text               mc_w.l(uidiv.o)
    0x080004b6   0x080004b6   0x00000062   Code   RO         1619    .text               mc_w.l(uldiv.o)
    0x08000518   0x08000518   0x00000000   Code   RO         1621    .text               mc_w.l(iusefp.o)
    0x08000518   0x08000518   0x0000006e   Code   RO         1622    .text               mf_w.l(fepilogue.o)
    0x08000586   0x08000586   0x000000ba   Code   RO         1624    .text               mf_w.l(depilogue.o)
    0x08000640   0x08000640   0x0000014e   Code   RO         1626    .text               mf_w.l(dadd.o)
    0x0800078e   0x0800078e   0x000000de   Code   RO         1628    .text               mf_w.l(ddiv.o)
    0x0800086c   0x0800086c   0x00000030   Code   RO         1630    .text               mf_w.l(dfixul.o)
    0x0800089c   0x0800089c   0x00000030   Code   RO         1632    .text               mf_w.l(cdrcmple.o)
    0x080008cc   0x080008cc   0x00000024   Code   RO         1634    .text               mc_w.l(init.o)
    0x080008f0   0x080008f0   0x0000001e   Code   RO         1636    .text               mc_w.l(llshl.o)
    0x0800090e   0x0800090e   0x00000020   Code   RO         1638    .text               mc_w.l(llushr.o)
    0x0800092e   0x0800092e   0x00000024   Code   RO         1640    .text               mc_w.l(llsshr.o)
    0x08000952   0x08000952   0x00000002   PAD
    0x08000954   0x08000954   0x0000002c   Code   RO           25    .text.ADC_Cmd       stm32f10x_adc.o
    0x08000980   0x08000980   0x000000f8   Code   RO         1399    .text.ADC_Config    adc.o
    0x08000a78   0x08000a78   0x00000080   Code   RO           19    .text.ADC_DeInit    stm32f10x_adc.o
    0x08000af8   0x08000af8   0x0000004e   Code   RO         1401    .text.ADC_Get       adc.o
    0x08000b46   0x08000b46   0x00000002   PAD
    0x08000b48   0x08000b48   0x0000002e   Code   RO           37    .text.ADC_GetCalibrationStatus  stm32f10x_adc.o
    0x08000b76   0x08000b76   0x00000002   PAD
    0x08000b78   0x08000b78   0x0000000e   Code   RO           51    .text.ADC_GetConversionValue  stm32f10x_adc.o
    0x08000b86   0x08000b86   0x00000002   PAD
    0x08000b88   0x08000b88   0x00000034   Code   RO           83    .text.ADC_GetFlagStatus  stm32f10x_adc.o
    0x08000bbc   0x08000bbc   0x0000002e   Code   RO           33    .text.ADC_GetResetCalibrationStatus  stm32f10x_adc.o
    0x08000bea   0x08000bea   0x00000002   PAD
    0x08000bec   0x08000bec   0x00000058   Code   RO         1403    .text.ADC_Get_Aver  adc.o
    0x08000c44   0x08000c44   0x0000009a   Code   RO           21    .text.ADC_Init      stm32f10x_adc.o
    0x08000cde   0x08000cde   0x00000002   PAD
    0x08000ce0   0x08000ce0   0x0000017c   Code   RO           47    .text.ADC_RegularChannelConfig  stm32f10x_adc.o
    0x08000e5c   0x08000e5c   0x00000012   Code   RO           31    .text.ADC_ResetCalibration  stm32f10x_adc.o
    0x08000e6e   0x08000e6e   0x00000002   PAD
    0x08000e70   0x08000e70   0x0000002c   Code   RO           39    .text.ADC_SoftwareStartConvCmd  stm32f10x_adc.o
    0x08000e9c   0x08000e9c   0x00000012   Code   RO           35    .text.ADC_StartCalibration  stm32f10x_adc.o
    0x08000eae   0x08000eae   0x00000002   PAD
    0x08000eb0   0x08000eb0   0x0000038e   Code   RO         1334    .text.AIR_CTL_UI    ui.o
    0x0800123e   0x0800123e   0x00000002   PAD
    0x08001240   0x08001240   0x0000031c   Code   RO         1332    .text.AIR_DATA_UI   ui.o
    0x0800155c   0x0800155c   0x00000276   Code   RO         1336    .text.AIR_SET_UI    ui.o
    0x080017d2   0x080017d2   0x00000002   PAD
    0x080017d4   0x080017d4   0x00000068   Code   RO         1486    .text.Air_Config    comm.o
    0x0800183c   0x0800183c   0x000001d2   Code   RO         1492    .text.Air_Control   comm.o
    0x08001a0e   0x08001a0e   0x00000002   PAD
    0x08001a10   0x08001a10   0x0000010e   Code   RO         1490    .text.Air_Down      comm.o
    0x08001b1e   0x08001b1e   0x00000002   PAD
    0x08001b20   0x08001b20   0x000000f2   Code   RO         1405    .text.Air_Get_Info  adc.o
    0x08001c12   0x08001c12   0x00000002   PAD
    0x08001c14   0x08001c14   0x00000040   Code   RO         1338    .text.Air_UI        ui.o
    0x08001c54   0x08001c54   0x000001ce   Code   RO         1488    .text.Air_Up        comm.o
    0x08001e22   0x08001e22   0x00000002   PAD
    0x08001e24   0x08001e24   0x00000010   Code   RO           98    .text.BKP_DeInit    stm32f10x_bkp.o
    0x08001e34   0x08001e34   0x00000026   Code   RO          112    .text.BKP_ReadBackupRegister  stm32f10x_bkp.o
    0x08001e5a   0x08001e5a   0x00000002   PAD
    0x08001e5c   0x08001e5c   0x0000002e   Code   RO          110    .text.BKP_WriteBackupRegister  stm32f10x_bkp.o
    0x08001e8a   0x08001e8a   0x00000002   PAD
    0x08001e8c   0x08001e8c   0x00000004   Code   RO         1129    .text.BusFault_Handler  stm32f10x_it.o
    0x08001e90   0x08001e90   0x00000042   Code   RO         1290    .text.Column_Set_HV  ssd1306.o
    0x08001ed2   0x08001ed2   0x00000002   PAD
    0x08001ed4   0x08001ed4   0x00000040   Code   RO         1165    .text.DELAY_Config  delay.o
    0x08001f14   0x08001f14   0x00000036   Code   RO         1464    .text.DHT11_Config  dht11.o
    0x08001f4a   0x08001f4a   0x00000002   PAD
    0x08001f4c   0x08001f4c   0x000000ba   Code   RO         1472    .text.DHT11_GET_BIT  dht11.o
    0x08002006   0x08002006   0x00000002   PAD
    0x08002008   0x08002008   0x0000006a   Code   RO         1474    .text.DHT11_GET_BYTE  dht11.o
    0x08002072   0x08002072   0x00000002   PAD
    0x08002074   0x08002074   0x0000012c   Code   RO         1476    .text.DHT11_GetData  dht11.o
    0x080021a0   0x080021a0   0x00000036   Code   RO         1468    .text.DHT11_IN      dht11.o
    0x080021d6   0x080021d6   0x00000002   PAD
    0x080021d8   0x080021d8   0x0000002a   Code   RO         1466    .text.DHT11_OUT     dht11.o
    0x08002202   0x08002202   0x00000002   PAD
    0x08002204   0x08002204   0x00000108   Code   RO         1470    .text.DHT11_START   dht11.o
    0x0800230c   0x0800230c   0x00000002   Code   RO         1135    .text.DebugMon_Handler  stm32f10x_it.o
    0x0800230e   0x0800230e   0x00000002   PAD
    0x08002310   0x08002310   0x00000186   Code   RO          448    .text.GPIO_Init     stm32f10x_gpio.o
    0x08002496   0x08002496   0x00000002   PAD
    0x08002498   0x08002498   0x00000034   Code   RO          452    .text.GPIO_ReadInputDataBit  stm32f10x_gpio.o
    0x080024cc   0x080024cc   0x00000014   Code   RO          462    .text.GPIO_ResetBits  stm32f10x_gpio.o
    0x080024e0   0x080024e0   0x00000014   Code   RO          460    .text.GPIO_SetBits  stm32f10x_gpio.o
    0x080024f4   0x080024f4   0x00000004   Code   RO         1125    .text.HardFault_Handler  stm32f10x_it.o
    0x080024f8   0x080024f8   0x0000007c   Code   RO         1188    .text.IIC_Config    iic.o
    0x08002574   0x08002574   0x00000018   Code   RO         1196    .text.IIC_DELAY     iic.o
    0x0800258c   0x0800258c   0x00000018   Code   RO         1198    .text.IIC_HALF_DELAY  iic.o
    0x080025a4   0x080025a4   0x0000002a   Code   RO         1194    .text.IIC_IN        iic.o
    0x080025ce   0x080025ce   0x00000002   PAD
    0x080025d0   0x080025d0   0x0000002a   Code   RO         1192    .text.IIC_OUT       iic.o
    0x080025fa   0x080025fa   0x00000002   PAD
    0x080025fc   0x080025fc   0x000000b2   Code   RO         1210    .text.IIC_SEND_BYTE  iic.o
    0x080026ae   0x080026ae   0x00000002   PAD
    0x080026b0   0x080026b0   0x00000054   Code   RO         1202    .text.IIC_START     iic.o
    0x08002704   0x08002704   0x00000054   Code   RO         1190    .text.IIC_STOP      iic.o
    0x08002758   0x08002758   0x00000018   Code   RO         1200    .text.IIC_Set_Delay_Us  iic.o
    0x08002770   0x08002770   0x0000009e   Code   RO         1208    .text.IIC_WAIT_ACK  iic.o
    0x0800280e   0x0800280e   0x00000002   PAD
    0x08002810   0x08002810   0x0000000c   Code   RO         1324    .text.IO_Config     gpio.o
    0x0800281c   0x0800281c   0x0000004e   Code   RO         1417    .text.IS_100HZ      tick.o
    0x0800286a   0x0800286a   0x00000002   PAD
    0x0800286c   0x0800286c   0x0000004e   Code   RO         1419    .text.IS_10HZ       tick.o
    0x080028ba   0x080028ba   0x00000002   PAD
    0x080028bc   0x080028bc   0x00000050   Code   RO         1423    .text.IS_1HZ        tick.o
    0x0800290c   0x0800290c   0x00000050   Code   RO         1421    .text.IS_2HZ        tick.o
    0x0800295c   0x0800295c   0x00000052   Code   RO         1425    .text.IS_5S         tick.o
    0x080029ae   0x080029ae   0x00000002   PAD
    0x080029b0   0x080029b0   0x000000a6   Code   RO         1512    .text.Is_Leap_Year  rtc.o
    0x08002a56   0x08002a56   0x00000002   PAD
    0x08002a58   0x08002a58   0x0000002a   Code   RO         1440    .text.KEY_Config    bottom.o
    0x08002a82   0x08002a82   0x00000002   PAD
    0x08002a84   0x08002a84   0x000003b0   Code   RO         1442    .text.KEY_Scan      bottom.o
    0x08002e34   0x08002e34   0x00000048   Code   RO         1389    .text.LED_Blink     led.o
    0x08002e7c   0x08002e7c   0x00000034   Code   RO         1387    .text.LED_Config    led.o
    0x08002eb0   0x08002eb0   0x00000004   Code   RO         1127    .text.MemManage_Handler  stm32f10x_it.o
    0x08002eb4   0x08002eb4   0x00000002   Code   RO         1123    .text.NMI_Handler   stm32f10x_it.o
    0x08002eb6   0x08002eb6   0x00000002   PAD
    0x08002eb8   0x08002eb8   0x000000aa   Code   RO            4    .text.NVIC_Init     misc.o
    0x08002f62   0x08002f62   0x00000002   PAD
    0x08002f64   0x08002f64   0x0000001c   Code   RO            2    .text.NVIC_PriorityGroupConfig  misc.o
    0x08002f80   0x08002f80   0x00000026   Code   RO         1236    .text.OLED_Config   ssd1306.o
    0x08002fa6   0x08002fa6   0x00000002   PAD
    0x08002fa8   0x08002fa8   0x00000030   Code   RO         1246    .text.OLED_Display  ssd1306.o
    0x08002fd8   0x08002fd8   0x0000013c   Code   RO         1266    .text.OLED_GDrawBitmap  ssd1306.o
    0x08003114   0x08003114   0x00000172   Code   RO         1270    .text.OLED_GDrawChar  ssd1306.o
    0x08003286   0x08003286   0x00000002   PAD
    0x08003288   0x08003288   0x000000a8   Code   RO         1272    .text.OLED_GDrawString  ssd1306.o
    0x08003330   0x08003330   0x0000005e   Code   RO         1232    .text.OLED_GReset   ssd1306.o
    0x0800338e   0x0800338e   0x00000002   PAD
    0x08003390   0x08003390   0x00000050   Code   RO         1260    .text.OLED_GResetP  ssd1306.o
    0x080033e0   0x080033e0   0x00000044   Code   RO         1268    .text.OLED_GSetByte  ssd1306.o
    0x08003424   0x08003424   0x00000050   Code   RO         1262    .text.OLED_GSetP    ssd1306.o
    0x08003474   0x08003474   0x0000003a   Code   RO         1242    .text.OLED_SendCmd  ssd1306.o
    0x080034ae   0x080034ae   0x00000002   PAD
    0x080034b0   0x080034b0   0x00000056   Code   RO         1238    .text.OLED_SendCmdCo  ssd1306.o
    0x08003506   0x08003506   0x00000002   PAD
    0x08003508   0x08003508   0x00000056   Code   RO         1294    .text.OLED_SendDataCo  ssd1306.o
    0x0800355e   0x0800355e   0x00000002   PAD
    0x08003560   0x08003560   0x0000001a   Code   RO         1288    .text.OLED_Set_MemAddrMode  ssd1306.o
    0x0800357a   0x0800357a   0x00000002   PAD
    0x0800357c   0x0800357c   0x00000016   Code   RO          581    .text.PWR_BackupAccessCmd  stm32f10x_pwr.o
    0x08003592   0x08003592   0x00000002   PAD
    0x08003594   0x08003594   0x00000042   Code   RO         1292    .text.Page_Set_HV   ssd1306.o
    0x080035d6   0x080035d6   0x00000002   PAD
    0x080035d8   0x080035d8   0x00000002   Code   RO         1137    .text.PendSV_Handler  stm32f10x_it.o
    0x080035da   0x080035da   0x00000002   PAD
    0x080035dc   0x080035dc   0x0000002c   Code   RO          638    .text.RCC_ADCCLKConfig  stm32f10x_rcc.o
    0x08003608   0x08003608   0x00000038   Code   RO          654    .text.RCC_APB1PeriphClockCmd  stm32f10x_rcc.o
    0x08003640   0x08003640   0x00000038   Code   RO          658    .text.RCC_APB1PeriphResetCmd  stm32f10x_rcc.o
    0x08003678   0x08003678   0x00000038   Code   RO          652    .text.RCC_APB2PeriphClockCmd  stm32f10x_rcc.o
    0x080036b0   0x080036b0   0x00000038   Code   RO          656    .text.RCC_APB2PeriphResetCmd  stm32f10x_rcc.o
    0x080036e8   0x080036e8   0x00000018   Code   RO          660    .text.RCC_BackupResetCmd  stm32f10x_rcc.o
    0x08003700   0x08003700   0x00000012   Code   RO          666    .text.RCC_ClearFlag  stm32f10x_rcc.o
    0x08003712   0x08003712   0x00000002   PAD
    0x08003714   0x08003714   0x00000172   Code   RO          648    .text.RCC_GetClocksFreq  stm32f10x_rcc.o
    0x08003886   0x08003886   0x00000002   PAD
    0x08003888   0x08003888   0x00000082   Code   RO          614    .text.RCC_GetFlagStatus  stm32f10x_rcc.o
    0x0800390a   0x0800390a   0x00000002   PAD
    0x0800390c   0x0800390c   0x0000004c   Code   RO          640    .text.RCC_LSEConfig  stm32f10x_rcc.o
    0x08003958   0x08003958   0x00000018   Code   RO          646    .text.RCC_RTCCLKCmd  stm32f10x_rcc.o
    0x08003970   0x08003970   0x00000018   Code   RO          644    .text.RCC_RTCCLKConfig  stm32f10x_rcc.o
    0x08003988   0x08003988   0x0000001c   Code   RO          707    .text.RTC_ClearITPendingBit  stm32f10x_rtc.o
    0x080039a4   0x080039a4   0x0000007a   Code   RO         1506    .text.RTC_Config    rtc.o
    0x08003a1e   0x08003a1e   0x00000002   PAD
    0x08003a20   0x08003a20   0x00000012   Code   RO          683    .text.RTC_EnterConfigMode  stm32f10x_rtc.o
    0x08003a32   0x08003a32   0x00000002   PAD
    0x08003a34   0x08003a34   0x00000012   Code   RO          685    .text.RTC_ExitConfigMode  stm32f10x_rtc.o
    0x08003a46   0x08003a46   0x00000002   PAD
    0x08003a48   0x08003a48   0x000001a4   Code   RO         1514    .text.RTC_GetCalendar  rtc.o
    0x08003bec   0x08003bec   0x0000006c   Code   RO          687    .text.RTC_GetCounter  stm32f10x_rtc.o
    0x08003c58   0x08003c58   0x00000056   Code   RO          705    .text.RTC_GetITStatus  stm32f10x_rtc.o
    0x08003cae   0x08003cae   0x00000002   PAD
    0x08003cb0   0x08003cb0   0x000000c0   Code   RO         1516    .text.RTC_GetWeek   rtc.o
    0x08003d70   0x08003d70   0x00000030   Code   RO         1508    .text.RTC_IRQHandler  rtc.o
    0x08003da0   0x08003da0   0x0000003e   Code   RO          681    .text.RTC_ITConfig  stm32f10x_rtc.o
    0x08003dde   0x08003dde   0x00000002   PAD
    0x08003de0   0x08003de0   0x0000002c   Code   RO          689    .text.RTC_SetCounter  stm32f10x_rtc.o
    0x08003e0c   0x08003e0c   0x0000002e   Code   RO          691    .text.RTC_SetPrescaler  stm32f10x_rtc.o
    0x08003e3a   0x08003e3a   0x00000002   PAD
    0x08003e3c   0x08003e3c   0x00000018   Code   RO         1510    .text.RTC_UpdateTime  rtc.o
    0x08003e54   0x08003e54   0x00000018   Code   RO          697    .text.RTC_WaitForLastTask  stm32f10x_rtc.o
    0x08003e6c   0x08003e6c   0x00000028   Code   RO          699    .text.RTC_WaitForSynchro  stm32f10x_rtc.o
    0x08003e94   0x08003e94   0x0000006c   Code   RO         1502    .text.RTC_config    rtc.o
    0x08003f00   0x08003f00   0x00000026   Code   RO         1504    .text.RTC_set       rtc.o
    0x08003f26   0x08003f26   0x00000002   PAD
    0x08003f28   0x08003f28   0x00000002   Code   RO         1133    .text.SVC_Handler   stm32f10x_it.o
    0x08003f2a   0x08003f2a   0x00000002   PAD
    0x08003f2c   0x08003f2c   0x00000008   Code   RO         1150    .text.SetSysClock   system_stm32f10x.o
    0x08003f34   0x08003f34   0x00000122   Code   RO         1154    .text.SetSysClockTo72  system_stm32f10x.o
    0x08004056   0x08004056   0x00000002   PAD
    0x08004058   0x08004058   0x00000034   Code   RO           10    .text.SysTick_CLKSourceConfig  misc.o
    0x0800408c   0x0800408c   0x00000002   Code   RO         1139    .text.SysTick_Handler  stm32f10x_it.o
    0x0800408e   0x0800408e   0x00000002   PAD
    0x08004090   0x08004090   0x00000066   Code   RO         1148    .text.SystemInit    system_stm32f10x.o
    0x080040f6   0x080040f6   0x00000002   PAD
    0x080040f8   0x080040f8   0x0000003e   Code   RO         1378    .text.TIM2_IRQHandler  timer.o
    0x08004136   0x08004136   0x00000002   PAD
    0x08004138   0x08004138   0x0000006a   Code   RO         1376    .text.TIMER_Config  timer.o
    0x080041a2   0x080041a2   0x00000002   PAD
    0x080041a4   0x080041a4   0x00000016   Code   RO         1016    .text.TIM_ClearITPendingBit  stm32f10x_tim.o
    0x080041ba   0x080041ba   0x00000002   PAD
    0x080041bc   0x080041bc   0x0000002c   Code   RO          878    .text.TIM_Cmd       stm32f10x_tim.o
    0x080041e8   0x080041e8   0x0000029a   Code   RO          836    .text.TIM_DeInit    stm32f10x_tim.o
    0x08004482   0x08004482   0x00000002   PAD
    0x08004484   0x08004484   0x0000005a   Code   RO         1014    .text.TIM_GetITStatus  stm32f10x_tim.o
    0x080044de   0x080044de   0x00000002   PAD
    0x080044e0   0x080044e0   0x00000034   Code   RO          882    .text.TIM_ITConfig  stm32f10x_tim.o
    0x08004514   0x08004514   0x00000142   Code   RO          838    .text.TIM_TimeBaseInit  stm32f10x_tim.o
    0x08004656   0x08004656   0x00000002   PAD
    0x08004658   0x08004658   0x000000c4   Code   RO         1352    .text.USART1_Config  usart.o
    0x0800471c   0x0800471c   0x00000080   Code   RO         1356    .text.USART1_IRQHandler  usart.o
    0x0800479c   0x0800479c   0x0000004a   Code   RO         1364    .text.USART1_SendHex  usart.o
    0x080047e6   0x080047e6   0x00000002   PAD
    0x080047e8   0x080047e8   0x00000038   Code   RO         1358    .text.USART2_IRQHandler  usart.o
    0x08004820   0x08004820   0x00000044   Code   RO         1081    .text.USART_ClearITPendingBit  stm32f10x_usart.o
    0x08004864   0x08004864   0x0000002c   Code   RO         1035    .text.USART_Cmd     stm32f10x_usart.o
    0x08004890   0x08004890   0x000000d0   Code   RO         1025    .text.USART_DeInit  stm32f10x_usart.o
    0x08004960   0x08004960   0x00000044   Code   RO         1075    .text.USART_GetFlagStatus  stm32f10x_usart.o
    0x080049a4   0x080049a4   0x000000b0   Code   RO         1079    .text.USART_GetITStatus  stm32f10x_usart.o
    0x08004a54   0x08004a54   0x00000092   Code   RO         1037    .text.USART_ITConfig  stm32f10x_usart.o
    0x08004ae6   0x08004ae6   0x00000002   PAD
    0x08004ae8   0x08004ae8   0x0000015c   Code   RO         1027    .text.USART_Init    stm32f10x_usart.o
    0x08004c44   0x08004c44   0x00000010   Code   RO         1053    .text.USART_ReceiveData  stm32f10x_usart.o
    0x08004c54   0x08004c54   0x00000018   Code   RO         1051    .text.USART_SendData  stm32f10x_usart.o
    0x08004c6c   0x08004c6c   0x00000004   Code   RO         1131    .text.UsageFault_Handler  stm32f10x_it.o
    0x08004c70   0x08004c70   0x00000090   Code   RO         1169    .text.delay_ms      delay.o
    0x08004d00   0x08004d00   0x0000008c   Code   RO         1167    .text.delay_us      delay.o
    0x08004d8c   0x08004d8c   0x000000a6   Code   RO         1113    .text.main          main.o
    0x08004e32   0x08004e32   0x00000002   PAD
    0x08004e34   0x08004e34   0x00000028   Code   RO         1546    i.__0sprintf        mc_w.l(printfa.o)
    0x08004e5c   0x08004e5c   0x0000000e   Code   RO         1644    i.__scatterload_copy  mc_w.l(handlers.o)
    0x08004e6a   0x08004e6a   0x00000002   Code   RO         1645    i.__scatterload_null  mc_w.l(handlers.o)
    0x08004e6c   0x08004e6c   0x0000000e   Code   RO         1646    i.__scatterload_zeroinit  mc_w.l(handlers.o)
    0x08004e7a   0x08004e7a   0x00000002   PAD
    0x08004e7c   0x08004e7c   0x00000184   Code   RO         1551    i._fp_digits        mc_w.l(printfa.o)
    0x08005000   0x08005000   0x000006dc   Code   RO         1552    i._printf_core      mc_w.l(printfa.o)
    0x080056dc   0x080056dc   0x00000024   Code   RO         1553    i._printf_post_padding  mc_w.l(printfa.o)
    0x08005700   0x08005700   0x0000002e   Code   RO         1554    i._printf_pre_padding  mc_w.l(printfa.o)
    0x0800572e   0x0800572e   0x0000000a   Code   RO         1556    i._sputc            mc_w.l(printfa.o)
    0x08005738   0x08005738   0x00000004   Data   RO          673    .rodata.ADCPrescTable  stm32f10x_rcc.o
    0x0800573c   0x0800573c   0x00000010   Data   RO          672    .rodata.APBAHBPrescTable  stm32f10x_rcc.o
    0x0800574c   0x0800574c   0x00000019   Data   RO         1315    .rodata.OLED_InitCmd  ssd1306.o
    0x08005765   0x08005765   0x00000474   Data   RO         1180    .rodata.ascii       fonts.o
    0x08005bd9   0x08005bd9   0x000002e8   Data   RO         1182    .rodata.ch          fonts.o
    0x08005ec1   0x08005ec1   0x0000000c   Data   RO         1520    .rodata.month_table  rtc.o
    0x08005ecd   0x08005ecd   0x0000003b   Data   RO         1341    .rodata.str1.1      ui.o
    0x08005f08   0x08005f08   0x0000000c   Data   RO         1521    .rodata.week_table  rtc.o
    0x08005f14   0x08005f14   0x00000020   Data   RO         1643    Region$$Table       anon$$obj.o


    Execution Region RW_IRAM1 (Exec base: 0x20000000, Load base: 0x08005f38, Size: 0x00004ce8, Max: 0x00005000, ABSOLUTE)

    Exec Addr    Load Addr    Size         Type   Attr      Idx    E Section Name        Object

    0x20000000   0x08005f38   0x00000002   Data   RW         1407    .data.Air_Get_Info.pm25_min_vol  adc.o
    0x20000002   0x08005f3a   0x00000001   Data   RW         1223    .data.IIC_DELAY_US  iic.o
    0x20000003   0x08005f3b   0x00000001   PAD
    0x20000004   0x08005f3c   0x00000004   Data   RW         1156    .data.SystemCoreClock  system_stm32f10x.o
    0x20000008        -       0x00000001   Zero   RW         1494    .bss.Air_Control.violed_last_state  comm.o
    0x20000009        -       0x00000400   Zero   RW         1314    .bss.GDDRAM         ssd1306.o
    0x20000409        -       0x00000001   Zero   RW         1222    .bss.IIC_Config.isInit  iic.o
    0x2000040a   0x08005f40   0x00000002   PAD
    0x2000040c        -       0x00000004   Zero   RW         1428    .bss.IS_100HZ.last_ms  tick.o
    0x20000410        -       0x00000004   Zero   RW         1429    .bss.IS_10HZ.last_ms  tick.o
    0x20000414        -       0x00000004   Zero   RW         1431    .bss.IS_1HZ.last_ms  tick.o
    0x20000418        -       0x00000004   Zero   RW         1430    .bss.IS_2HZ.last_ms  tick.o
    0x2000041c        -       0x00000004   Zero   RW         1432    .bss.IS_5S.last_ms  tick.o
    0x20000420        -       0x00000014   Zero   RW         1444    .bss.KEY_Scan.high_cnt  bottom.o
    0x20000434        -       0x00000001   Zero   RW         1391    .bss.LED_Blink.flag  led.o
    0x20000435   0x08005f40   0x00000001   PAD
    0x20000436        -       0x00000002   Zero   RW         1522    .bss.RTC_GetCalendar.daycount  rtc.o
    0x20000438        -       0x00000840   Zero   RW         1115    .bss.air            main.o
    0x20000c78        -       0x00000005   Zero   RW         1478    .bss.dht11_buff     dht11.o
    0x20000c7d   0x08005f40   0x00000001   PAD
    0x20000c7e        -       0x00000002   Zero   RW         1172    .bss.fac_ms         delay.o
    0x20000c80        -       0x00000001   Zero   RW         1171    .bss.fac_us         delay.o
    0x20000c81        -       0x00000001   Zero   RW         1316    .bss.isInit         ssd1306.o
    0x20000c82        -       0x00000064   Zero   RW         1340    .bss.temp           ui.o
    0x20000ce6        -       0x00000001   Zero   RW         1368    .bss.temp           usart.o
    0x20000ce7   0x08005f40   0x00000001   PAD
    0x20000ce8        -       0x00004000   Zero   RW         1529    STACK               startup_stm32f10x_md.o


==============================================================================

Image component sizes


      Code (inc. data)   RO Data    RW Data    ZI Data      Debug   Object Name

       656          0          0          2          0       2923   adc.o
       986          0          0          0         20       2232   bottom.o
      1302         10          0          0          1       2540   comm.o
       348          0          0          0          3       1399   delay.o
      1006          0          0          0          5       3092   dht11.o
         0          0       1884          0          0        470   fonts.o
        12          0          0          0          0        601   gpio.o
       784          0          0          1          1       4173   iic.o
       124          0          0          0          1       1580   led.o
       166          0          0          0       2112       1657   main.o
       250          0          0          0          0       2973   misc.o
      1118          0         24          0          2       4669   rtc.o
      1650          0         25          0       1025       9331   ssd1306.o
        36          8        236          0      16384        904   startup_stm32f10x_md.o
       944          0          0          0          0       8564   stm32f10x_adc.o
       100          0          0          0          0       4421   stm32f10x_bkp.o
       482          0          0          0          0       5505   stm32f10x_gpio.o
        26          0          0          0          0        984   stm32f10x_it.o
        22          0          0          0          0       2927   stm32f10x_pwr.o
       934          0         20          0          0       6824   stm32f10x_rcc.o
       474          0          0          0          0       3332   stm32f10x_rtc.o
      1196          0          0          0          0      20137   stm32f10x_tim.o
      1098          0          0          0          0       7297   stm32f10x_usart.o
       400          0          0          4          0       2708   system_stm32f10x.o
       398          0          0          0         20       1227   tick.o
       168          0          0          0          0       3448   timer.o
      2400          0         59          0        100       2171   ui.o
       454          0          0          0          1       5150   usart.o

    ----------------------------------------------------------------------
     17668         18       2280          8      19680     113239   Object Totals
         0          0         32          0          0          0   (incl. Generated)
       134          0          0          1          5          0   (incl. Padding)

    ----------------------------------------------------------------------

      Code (inc. data)   RO Data    RW Data    ZI Data      Debug   Library Member Name

         0          0          0          0          0          0   entry.o
         0          0          0          0          0          0   entry10a.o
         0          0          0          0          0          0   entry11a.o
         8          4          0          0          0          0   entry2.o
         4          0          0          0          0          0   entry5.o
         0          0          0          0          0          0   entry7b.o
         0          0          0          0          0          0   entry8b.o
         8          4          0          0          0          0   entry9a.o
        30          0          0          0          0          0   handlers.o
        36          8          0          0          0         68   init.o
         0          0          0          0          0          0   iusefp.o
        30          0          0          0          0         68   llshl.o
        36          0          0          0          0         68   llsshr.o
        32          0          0          0          0         68   llushr.o
      2276         86          0          0          0        520   printfa.o
        14          0          0          0          0         68   strlen.o
        44          0          0          0          0         80   uidiv.o
        98          0          0          0          0         92   uldiv.o
        48          0          0          0          0         68   cdrcmple.o
        56          0          0          0          0         88   d2f.o
       334          0          0          0          0        148   dadd.o
       222          0          0          0          0        100   ddiv.o
       186          0          0          0          0        176   depilogue.o
        48          0          0          0          0         68   dfixul.o
       228          0          0          0          0         96   dmul.o
        38          0          0          0          0         68   f2d.o
       176          0          0          0          0        140   fadd.o
        28          0          0          0          0         68   fcmpge.o
        28          0          0          0          0         68   fcmple.o
       124          0          0          0          0         88   fdiv.o
       110          0          0          0          0        168   fepilogue.o
        50          0          0          0          0         68   ffixi.o
        18          0          0          0          0         68   fflti.o
        10          0          0          0          0         68   ffltui.o
       100          0          0          0          0         76   fmul.o

    ----------------------------------------------------------------------
      4424        102          0          0          0       2656   Library Totals
         4          0          0          0          0          0   (incl. Padding)

    ----------------------------------------------------------------------

      Code (inc. data)   RO Data    RW Data    ZI Data      Debug   Library Name

      2616        102          0          0          0       1032   mc_w.l
      1804          0          0          0          0       1624   mf_w.l

    ----------------------------------------------------------------------
      4424        102          0          0          0       2656   Library Totals

    ----------------------------------------------------------------------

==============================================================================


      Code (inc. data)   RO Data    RW Data    ZI Data      Debug   

     22092        120       2280          8      19680     114143   Grand Totals
     22092        120       2280          8      19680     114143   ELF Image Totals
     22092        120       2280          8          0          0   ROM Totals

==============================================================================

    Total RO  Size (Code + RO Data)                24372 (  23.80kB)
    Total RW  Size (RW Data + ZI Data)             19688 (  19.23kB)
    Total ROM Size (Code + RO Data + RW Data)      24380 (  23.81kB)

==============================================================================

